Archive member included to satisfy reference by file (symbol)

/home/alarm/st/stm32cubeide_1.8.0/plugins/com.st.stm32cube.ide.mcu.externaltools.gnu-tools-for-stm32.10.3-2021.10.linux64_1.0.100.202210260954/tools/bin/../lib/gcc/arm-none-eabi/10.3.1/../../../../arm-none-eabi/lib/thumb/v7e-m+fp/hard/libc_nano.a(lib_a-atol.o)
                              ./Core/Src/main.o (atol)
/home/alarm/st/stm32cubeide_1.8.0/plugins/com.st.stm32cube.ide.mcu.externaltools.gnu-tools-for-stm32.10.3-2021.10.linux64_1.0.100.202210260954/tools/bin/../lib/gcc/arm-none-eabi/10.3.1/../../../../arm-none-eabi/lib/thumb/v7e-m+fp/hard/libc_nano.a(lib_a-calloc.o)
                              ./Core/Src/main.o (calloc)
/home/alarm/st/stm32cubeide_1.8.0/plugins/com.st.stm32cube.ide.mcu.externaltools.gnu-tools-for-stm32.10.3-2021.10.linux64_1.0.100.202210260954/tools/bin/../lib/gcc/arm-none-eabi/10.3.1/../../../../arm-none-eabi/lib/thumb/v7e-m+fp/hard/libc_nano.a(lib_a-errno.o)
                              ./Core/Src/syscalls.o (__errno)
/home/alarm/st/stm32cubeide_1.8.0/plugins/com.st.stm32cube.ide.mcu.externaltools.gnu-tools-for-stm32.10.3-2021.10.linux64_1.0.100.202210260954/tools/bin/../lib/gcc/arm-none-eabi/10.3.1/../../../../arm-none-eabi/lib/thumb/v7e-m+fp/hard/libc_nano.a(lib_a-exit.o)
                              /home/alarm/st/stm32cubeide_1.8.0/plugins/com.st.stm32cube.ide.mcu.externaltools.gnu-tools-for-stm32.10.3-2021.10.linux64_1.0.100.202210260954/tools/bin/../lib/gcc/arm-none-eabi/10.3.1/../../../../arm-none-eabi/lib/thumb/v7e-m+fp/hard/crt0.o (exit)
/home/alarm/st/stm32cubeide_1.8.0/plugins/com.st.stm32cube.ide.mcu.externaltools.gnu-tools-for-stm32.10.3-2021.10.linux64_1.0.100.202210260954/tools/bin/../lib/gcc/arm-none-eabi/10.3.1/../../../../arm-none-eabi/lib/thumb/v7e-m+fp/hard/libc_nano.a(lib_a-gmtime_r.o)
                              ./Core/Src/main.o (gmtime_r)
/home/alarm/st/stm32cubeide_1.8.0/plugins/com.st.stm32cube.ide.mcu.externaltools.gnu-tools-for-stm32.10.3-2021.10.linux64_1.0.100.202210260954/tools/bin/../lib/gcc/arm-none-eabi/10.3.1/../../../../arm-none-eabi/lib/thumb/v7e-m+fp/hard/libc_nano.a(lib_a-impure.o)
                              /home/alarm/st/stm32cubeide_1.8.0/plugins/com.st.stm32cube.ide.mcu.externaltools.gnu-tools-for-stm32.10.3-2021.10.linux64_1.0.100.202210260954/tools/bin/../lib/gcc/arm-none-eabi/10.3.1/../../../../arm-none-eabi/lib/thumb/v7e-m+fp/hard/libc_nano.a(lib_a-exit.o) (_global_impure_ptr)
/home/alarm/st/stm32cubeide_1.8.0/plugins/com.st.stm32cube.ide.mcu.externaltools.gnu-tools-for-stm32.10.3-2021.10.linux64_1.0.100.202210260954/tools/bin/../lib/gcc/arm-none-eabi/10.3.1/../../../../arm-none-eabi/lib/thumb/v7e-m+fp/hard/libc_nano.a(lib_a-init.o)
                              /home/alarm/st/stm32cubeide_1.8.0/plugins/com.st.stm32cube.ide.mcu.externaltools.gnu-tools-for-stm32.10.3-2021.10.linux64_1.0.100.202210260954/tools/bin/../lib/gcc/arm-none-eabi/10.3.1/../../../../arm-none-eabi/lib/thumb/v7e-m+fp/hard/crt0.o (__libc_init_array)
/home/alarm/st/stm32cubeide_1.8.0/plugins/com.st.stm32cube.ide.mcu.externaltools.gnu-tools-for-stm32.10.3-2021.10.linux64_1.0.100.202210260954/tools/bin/../lib/gcc/arm-none-eabi/10.3.1/../../../../arm-none-eabi/lib/thumb/v7e-m+fp/hard/libc_nano.a(lib_a-malloc.o)
                              ./Core/Src/main.o (free)
/home/alarm/st/stm32cubeide_1.8.0/plugins/com.st.stm32cube.ide.mcu.externaltools.gnu-tools-for-stm32.10.3-2021.10.linux64_1.0.100.202210260954/tools/bin/../lib/gcc/arm-none-eabi/10.3.1/../../../../arm-none-eabi/lib/thumb/v7e-m+fp/hard/libc_nano.a(lib_a-memcpy-stub.o)
                              ./Core/Src/main.o (memcpy)
/home/alarm/st/stm32cubeide_1.8.0/plugins/com.st.stm32cube.ide.mcu.externaltools.gnu-tools-for-stm32.10.3-2021.10.linux64_1.0.100.202210260954/tools/bin/../lib/gcc/arm-none-eabi/10.3.1/../../../../arm-none-eabi/lib/thumb/v7e-m+fp/hard/libc_nano.a(lib_a-memset.o)
                              /home/alarm/st/stm32cubeide_1.8.0/plugins/com.st.stm32cube.ide.mcu.externaltools.gnu-tools-for-stm32.10.3-2021.10.linux64_1.0.100.202210260954/tools/bin/../lib/gcc/arm-none-eabi/10.3.1/../../../../arm-none-eabi/lib/thumb/v7e-m+fp/hard/crt0.o (memset)
/home/alarm/st/stm32cubeide_1.8.0/plugins/com.st.stm32cube.ide.mcu.externaltools.gnu-tools-for-stm32.10.3-2021.10.linux64_1.0.100.202210260954/tools/bin/../lib/gcc/arm-none-eabi/10.3.1/../../../../arm-none-eabi/lib/thumb/v7e-m+fp/hard/libc_nano.a(lib_a-nano-callocr.o)
                              /home/alarm/st/stm32cubeide_1.8.0/plugins/com.st.stm32cube.ide.mcu.externaltools.gnu-tools-for-stm32.10.3-2021.10.linux64_1.0.100.202210260954/tools/bin/../lib/gcc/arm-none-eabi/10.3.1/../../../../arm-none-eabi/lib/thumb/v7e-m+fp/hard/libc_nano.a(lib_a-calloc.o) (_calloc_r)
[...]
Memory Configuration

Name             Origin             Length             Attributes
CCMRAM           0x0000000010000000 0x0000000000010000 xrw
RAM              0x0000000020000000 0x0000000000030000 xrw
FLASH            0x0000000008000000 0x0000000000200000 xr
*default*        0x0000000000000000 0xffffffffffffffff

Linker script and memory map

LOAD /home/alarm/st/stm32cubeide_1.8.0/plugins/com.st.stm32cube.ide.mcu.externaltools.gnu-tools-for-stm32.10.3-2021.10.linux64_1.0.100.202210260954/tools/bin/../lib/gcc/arm-none-eabi/10.3.1/thumb/v7e-m+fp/hard/crti.o
LOAD /home/alarm/st/stm32cubeide_1.8.0/plugins/com.st.stm32cube.ide.mcu.externaltools.gnu-tools-for-stm32.10.3-2021.10.linux64_1.0.100.202210260954/tools/bin/../lib/gcc/arm-none-eabi/10.3.1/thumb/v7e-m+fp/hard/crtbegin.o
LOAD /home/alarm/st/stm32cubeide_1.8.0/plugins/com.st.stm32cube.ide.mcu.externaltools.gnu-tools-for-stm32.10.3-2021.10.linux64_1.0.100.202210260954/tools/bin/../lib/gcc/arm-none-eabi/10.3.1/../../../../arm-none-eabi/lib/thumb/v7e-m+fp/hard/crt0.o
LOAD ./Core/Src/main.o
LOAD ./Core/Src/mod.o
LOAD ./Core/Src/stm32f4xx_hal_msp.o
LOAD ./Core/Src/stm32f4xx_it.o
LOAD ./Core/Src/syscalls.o
LOAD ./Core/Src/sysmem.o
LOAD ./Core/Src/system_stm32f4xx.o
LOAD ./Core/Src/w25.o
LOAD ./Core/Startup/startup_stm32f429vitx.o
LOAD ./Drivers/STM32F4xx_HAL_Driver/Src/stm32f4xx_hal.o
LOAD ./Drivers/STM32F4xx_HAL_Driver/Src/stm32f4xx_hal_cortex.o
LOAD ./Drivers/STM32F4xx_HAL_Driver/Src/stm32f4xx_hal_dma.o
LOAD ./Drivers/STM32F4xx_HAL_Driver/Src/stm32f4xx_hal_dma_ex.o
LOAD ./Drivers/STM32F4xx_HAL_Driver/Src/stm32f4xx_hal_exti.o
LOAD ./Drivers/STM32F4xx_HAL_Driver/Src/stm32f4xx_hal_flash.o
LOAD ./Drivers/STM32F4xx_HAL_Driver/Src/stm32f4xx_hal_flash_ex.o
LOAD ./Drivers/STM32F4xx_HAL_Driver/Src/stm32f4xx_hal_flash_ramfunc.o
LOAD ./Drivers/STM32F4xx_HAL_Driver/Src/stm32f4xx_hal_gpio.o
LOAD ./Drivers/STM32F4xx_HAL_Driver/Src/stm32f4xx_hal_pcd.o
LOAD ./Drivers/STM32F4xx_HAL_Driver/Src/stm32f4xx_hal_pcd_ex.o
LOAD ./Drivers/STM32F4xx_HAL_Driver/Src/stm32f4xx_hal_pwr.o
LOAD ./Drivers/STM32F4xx_HAL_Driver/Src/stm32f4xx_hal_pwr_ex.o
LOAD ./Drivers/STM32F4xx_HAL_Driver/Src/stm32f4xx_hal_rcc.o
LOAD ./Drivers/STM32F4xx_HAL_Driver/Src/stm32f4xx_hal_rcc_ex.o
LOAD ./Drivers/STM32F4xx_HAL_Driver/Src/stm32f4xx_hal_rtc.o
LOAD ./Drivers/STM32F4xx_HAL_Driver/Src/stm32f4xx_hal_rtc_ex.o
LOAD ./Drivers/STM32F4xx_HAL_Driver/Src/stm32f4xx_hal_sd.o
LOAD ./Drivers/STM32F4xx_HAL_Driver/Src/stm32f4xx_hal_spi.o
LOAD ./Drivers/STM32F4xx_HAL_Driver/Src/stm32f4xx_hal_tim.o
LOAD ./Drivers/STM32F4xx_HAL_Driver/Src/stm32f4xx_hal_tim_ex.o
LOAD ./Drivers/STM32F4xx_HAL_Driver/Src/stm32f4xx_hal_uart.o
LOAD ./Drivers/STM32F4xx_HAL_Driver/Src/stm32f4xx_ll_sdmmc.o
LOAD ./Drivers/STM32F4xx_HAL_Driver/Src/stm32f4xx_ll_usb.o
LOAD ./FATFS/App/fatfs.o
LOAD ./FATFS/Target/bsp_driver_sd.o
LOAD ./FATFS/Target/sd_diskio.o
LOAD ./Middlewares/ST/STM32_USB_Device_Library/Class/CDC/Src/usbd_cdc.o
LOAD ./Middlewares/ST/STM32_USB_Device_Library/Core/Src/usbd_core.o
LOAD ./Middlewares/ST/STM32_USB_Device_Library/Core/Src/usbd_ctlreq.o
LOAD ./Middlewares/ST/STM32_USB_Device_Library/Core/Src/usbd_ioreq.o
LOAD ./Middlewares/Third_Party/FatFs/src/diskio.o
LOAD ./Middlewares/Third_Party/FatFs/src/ff.o
LOAD ./Middlewares/Third_Party/FatFs/src/ff_gen_drv.o
LOAD ./Middlewares/Third_Party/FatFs/src/option/ccsbcs.o
LOAD ./Middlewares/Third_Party/FatFs/src/option/syscall.o
LOAD ./USB_DEVICE/App/usb_device.o
LOAD ./USB_DEVICE/App/usbd_cdc_if.o
LOAD ./USB_DEVICE/App/usbd_desc.o
LOAD ./USB_DEVICE/Target/usbd_conf.o
START GROUP
LOAD /home/alarm/st/stm32cubeide_1.8.0/plugins/com.st.stm32cube.ide.mcu.externaltools.gnu-tools-for-stm32.10.3-2021.10.linux64_1.0.100.202210260954/tools/bin/../lib/gcc/arm-none-eabi/10.3.1/../../../../arm-none-eabi/lib/thumb/v7e-m+fp/hard/libc_nano.a
LOAD /home/alarm/st/stm32cubeide_1.8.0/plugins/com.st.stm32cube.ide.mcu.externaltools.gnu-tools-for-stm32.10.3-2021.10.linux64_1.0.100.202210260954/tools/bin/../lib/gcc/arm-none-eabi/10.3.1/../../../../arm-none-eabi/lib/thumb/v7e-m+fp/hard/libm.a
END GROUP
START GROUP
LOAD /home/alarm/st/stm32cubeide_1.8.0/plugins/com.st.stm32cube.ide.mcu.externaltools.gnu-tools-for-stm32.10.3-2021.10.linux64_1.0.100.202210260954/tools/bin/../lib/gcc/arm-none-eabi/10.3.1/thumb/v7e-m+fp/hard/libgcc.a
LOAD /home/alarm/st/stm32cubeide_1.8.0/plugins/com.st.stm32cube.ide.mcu.externaltools.gnu-tools-for-stm32.10.3-2021.10.linux64_1.0.100.202210260954/tools/bin/../lib/gcc/arm-none-eabi/10.3.1/../../../../arm-none-eabi/lib/thumb/v7e-m+fp/hard/libc_nano.a
END GROUP
START GROUP
LOAD /home/alarm/st/stm32cubeide_1.8.0/plugins/com.st.stm32cube.ide.mcu.externaltools.gnu-tools-for-stm32.10.3-2021.10.linux64_1.0.100.202210260954/tools/bin/../lib/gcc/arm-none-eabi/10.3.1/thumb/v7e-m+fp/hard/libgcc.a
LOAD /home/alarm/st/stm32cubeide_1.8.0/plugins/com.st.stm32cube.ide.mcu.externaltools.gnu-tools-for-stm32.10.3-2021.10.linux64_1.0.100.202210260954/tools/bin/../lib/gcc/arm-none-eabi/10.3.1/../../../../arm-none-eabi/lib/thumb/v7e-m+fp/hard/libc_nano.a
LOAD /home/alarm/st/stm32cubeide_1.8.0/plugins/com.st.stm32cube.ide.mcu.externaltools.gnu-tools-for-stm32.10.3-2021.10.linux64_1.0.100.202210260954/tools/bin/../lib/gcc/arm-none-eabi/10.3.1/../../../../arm-none-eabi/lib/thumb/v7e-m+fp/hard/libnosys.a
END GROUP
START GROUP
LOAD /home/alarm/st/stm32cubeide_1.8.0/plugins/com.st.stm32cube.ide.mcu.externaltools.gnu-tools-for-stm32.10.3-2021.10.linux64_1.0.100.202210260954/tools/bin/../lib/gcc/arm-none-eabi/10.3.1/thumb/v7e-m+fp/hard/libgcc.a
LOAD /home/alarm/st/stm32cubeide_1.8.0/plugins/com.st.stm32cube.ide.mcu.externaltools.gnu-tools-for-stm32.10.3-2021.10.linux64_1.0.100.202210260954/tools/bin/../lib/gcc/arm-none-eabi/10.3.1/../../../../arm-none-eabi/lib/thumb/v7e-m+fp/hard/libc_nano.a
LOAD /home/alarm/st/stm32cubeide_1.8.0/plugins/com.st.stm32cube.ide.mcu.externaltools.gnu-tools-for-stm32.10.3-2021.10.linux64_1.0.100.202210260954/tools/bin/../lib/gcc/arm-none-eabi/10.3.1/../../../../arm-none-eabi/lib/thumb/v7e-m+fp/hard/libnosys.a
END GROUP
LOAD /home/alarm/st/stm32cubeide_1.8.0/plugins/com.st.stm32cube.ide.mcu.externaltools.gnu-tools-for-stm32.10.3-2021.10.linux64_1.0.100.202210260954/tools/bin/../lib/gcc/arm-none-eabi/10.3.1/thumb/v7e-m+fp/hard/crtend.o
LOAD /home/alarm/st/stm32cubeide_1.8.0/plugins/com.st.stm32cube.ide.mcu.externaltools.gnu-tools-for-stm32.10.3-2021.10.linux64_1.0.100.202210260954/tools/bin/../lib/gcc/arm-none-eabi/10.3.1/thumb/v7e-m+fp/hard/crtn.o
                0x0000000020030000                _estack = (ORIGIN (RAM) + LENGTH (RAM))
                0x0000000000001800                _Min_Heap_Size = 0x1800
                0x0000000000001800                _Min_Stack_Size = 0x1800

.isr_vector     0x0000000008000000      0x1ac
                0x0000000008000000                . = ALIGN (0x4)
 *(.isr_vector)
 .isr_vector    0x0000000008000000      0x1ac ./Core/Startup/startup_stm32f429vitx.o
                0x0000000008000000                g_pfnVectors
                0x00000000080001ac                . = ALIGN (0x4)

.text           0x00000000080001b0    0x157f0
                0x00000000080001b0                . = ALIGN (0x4)
 *(.text)
 .text          0x00000000080001b0       0x40 /home/alarm/st/stm32cubeide_1.8.0/plugins/com.st.stm32cube.ide.mcu.externaltools.gnu-tools-for-stm32.10.3-2021.10.linux64_1.0.100.202210260954/tools/bin/../lib/gcc/arm-none-eabi/10.3.1/thumb/v7e-m+fp/hard/crtbegin.o
 .text          0x00000000080001f0       0x10 /home/alarm/st/stm32cubeide_1.8.0/plugins/com.st.stm32cube.ide.mcu.externaltools.gnu-tools-for-stm32.10.3-2021.10.linux64_1.0.100.202210260954/tools/bin/../lib/gcc/arm-none-eabi/10.3.1/../../../../arm-none-eabi/lib/thumb/v7e-m+fp/hard/libc_nano.a(lib_a-strlen.o)
                0x00000000080001f0                strlen
 .text          0x0000000008000200       0xa0 /home/alarm/st/stm32cubeide_1.8.0/plugins/com.st.stm32cube.ide.mcu.externaltools.gnu-tools-for-stm32.10.3-2021.10.linux64_1.0.100.202210260954/tools/bin/../lib/gcc/arm-none-eabi/10.3.1/../../../../arm-none-eabi/lib/thumb/v7e-m+fp/hard/libc_nano.a(lib_a-memchr.o)
                0x0000000008000200                memchr
 .text          0x00000000080002a0       0xa0 /home/alarm/st/stm32cubeide_1.8.0/plugins/com.st.stm32cube.ide.mcu.externaltools.gnu-tools-for-stm32.10.3-2021.10.linux64_1.0.100.202210260954/tools/bin/../lib/gcc/arm-none-eabi/10.3.1/thumb/v7e-m+fp/hard/libgcc.a(_aeabi_ldivmod.o)
                0x00000000080002a0                __aeabi_ldivmod
 .text          0x0000000008000340       0x30 /home/alarm/st/stm32cubeide_1.8.0/plugins/com.st.stm32cube.ide.mcu.externaltools.gnu-tools-for-stm32.10.3-2021.10.linux64_1.0.100.202210260954/tools/bin/../lib/gcc/arm-none-eabi/10.3.1/thumb/v7e-m+fp/hard/libgcc.a(_aeabi_uldivmod.o)
                0x0000000008000340                __aeabi_uldivmod
 .text          0x0000000008000370      0x2d0 /home/alarm/st/stm32cubeide_1.8.0/plugins/com.st.stm32cube.ide.mcu.externaltools.gnu-tools-for-stm32.10.3-2021.10.linux64_1.0.100.202210260954/tools/bin/../lib/gcc/arm-none-eabi/10.3.1/thumb/v7e-m+fp/hard/libgcc.a(_udivmoddi4.o)
                0x0000000008000370                __udivmoddi4
 .text          0x0000000008000640        0x4 /home/alarm/st/stm32cubeide_1.8.0/plugins/com.st.stm32cube.ide.mcu.externaltools.gnu-tools-for-stm32.10.3-2021.10.linux64_1.0.100.202210260954/tools/bin/../lib/gcc/arm-none-eabi/10.3.1/thumb/v7e-m+fp/hard/libgcc.a(_dvmd_tls.o)
                0x0000000008000640                __aeabi_ldiv0
                0x0000000008000640                __aeabi_idiv0
 *(.text*)
 .text.__NVIC_SystemReset
                0x0000000008000644       0x2c ./Core/Src/main.o
 .text.initSRECQ
                0x0000000008000670       0x68 ./Core/Src/main.o
                0x0000000008000670                initSRECQ
 .text.putSRECQ
                0x00000000080006d8       0x78 ./Core/Src/main.o
                0x00000000080006d8                putSRECQ
 .text.getSRECQ
                0x0000000008000750       0xe6 ./Core/Src/main.o
                0x0000000008000750                getSRECQ
 *fill*         0x0000000008000836        0x2 
 .text.fsErrName
                0x0000000008000838      0x120 ./Core/Src/main.o
 .text.attrName
                0x0000000008000958       0xd4 ./Core/Src/main.o
 .text.fsName   0x0000000008000a2c       0x74 ./Core/Src/main.o
 .text.drvMount
                0x0000000008000aa0      0x134 ./Core/Src/main.o
                0x0000000008000aa0                drvMount
 .text.dirList  0x0000000008000bd4       0xe0 ./Core/Src/main.o
                0x0000000008000bd4                dirList
 .text.rdFile   0x0000000008000cb4      0x19c ./Core/Src/main.o
                0x0000000008000cb4                rdFile
 .text.printBuffer
                0x0000000008000e50       0xe4 ./Core/Src/main.o
                0x0000000008000e50                printBuffer
 .text.get_tmr  0x0000000008000f34       0x20 ./Core/Src/main.o
                0x0000000008000f34                get_tmr
 .text.check_tmr
                0x0000000008000f54       0x28 ./Core/Src/main.o
                0x0000000008000f54                check_tmr
 .text.date_to_str
                0x0000000008000f7c       0x8c ./Core/Src/main.o
                0x0000000008000f7c                date_to_str
 .text.set_Date
                0x0000000008001008       0xc0 ./Core/Src/main.o
                0x0000000008001008                set_Date
 .text.Report   0x00000000080010c8      0x12c ./Core/Src/main.o
                0x00000000080010c8                Report
 .text.putCmd   0x00000000080011f4       0x98 ./Core/Src/main.o
                0x00000000080011f4                putCmd
 .text.hexToBin
                0x000000000800128c       0xdc ./Core/Src/main.o
                0x000000000800128c                hexToBin
 .text.main     0x0000000008001368      0x948 ./Core/Src/main.o
                0x0000000008001368                main
 .text.SystemClock_Config
                0x0000000008001cb0       0xd8 ./Core/Src/main.o
                0x0000000008001cb0                SystemClock_Config
 .text.MX_RTC_Init
                0x0000000008001d88       0xb4 ./Core/Src/main.o
 .text.MX_SDIO_SD_Init
                0x0000000008001e3c       0x48 ./Core/Src/main.o
 .text.MX_SPI4_Init
                0x0000000008001e84       0x6c ./Core/Src/main.o
 .text.MX_TIM2_Init
                0x0000000008001ef0       0x9c ./Core/Src/main.o
 .text.MX_USART2_UART_Init
                0x0000000008001f8c       0x54 ./Core/Src/main.o
 .text.MX_USART3_UART_Init
                0x0000000008001fe0       0x54 ./Core/Src/main.o
 .text.MX_DMA_Init
                0x0000000008002034       0x9c ./Core/Src/main.o
 .text.MX_GPIO_Init
                0x00000000080020d0      0x1bc ./Core/Src/main.o
 .text.HAL_TIM_PeriodElapsedCallback
                0x000000000800228c       0x60 ./Core/Src/main.o
                0x000000000800228c                HAL_TIM_PeriodElapsedCallback
 .text.HAL_UART_TxCpltCallback
                0x00000000080022ec       0x48 ./Core/Src/main.o
                0x00000000080022ec                HAL_UART_TxCpltCallback
 .text.HAL_UART_RxCpltCallback
                0x0000000008002334      0x5bc ./Core/Src/main.o
                0x0000000008002334                HAL_UART_RxCpltCallback
 .text.HAL_SPI_TxCpltCallback
                0x00000000080028f0       0x48 ./Core/Src/main.o
                0x00000000080028f0                HAL_SPI_TxCpltCallback
 .text.HAL_SPI_RxCpltCallback
                0x0000000008002938       0x48 ./Core/Src/main.o
                0x0000000008002938                HAL_SPI_RxCpltCallback
 .text.Error_Handler
                0x0000000008002980        0xa ./Core/Src/main.o
                0x0000000008002980                Error_Handler
 *fill*         0x000000000800298a        0x2 
 .text.getCmdInd
                0x000000000800298c       0x54 ./Core/Src/mod.o
                0x000000000800298c                getCmdInd
 .text.HAL_MspInit
                0x00000000080029e0       0x50 ./Core/Src/stm32f4xx_hal_msp.o
                0x00000000080029e0                HAL_MspInit
 .text.HAL_RTC_MspInit
                0x0000000008002a30       0x54 ./Core/Src/stm32f4xx_hal_msp.o
                0x0000000008002a30                HAL_RTC_MspInit
 .text.HAL_SD_MspInit
                0x0000000008002a84      0x16c ./Core/Src/stm32f4xx_hal_msp.o
                0x0000000008002a84                HAL_SD_MspInit
 .text.HAL_SPI_MspInit
                0x0000000008002bf0      0x16c ./Core/Src/stm32f4xx_hal_msp.o
                0x0000000008002bf0                HAL_SPI_MspInit
 .text.HAL_TIM_Base_MspInit
                0x0000000008002d5c       0x4c ./Core/Src/stm32f4xx_hal_msp.o
                0x0000000008002d5c                HAL_TIM_Base_MspInit
 .text.HAL_UART_MspInit
                0x0000000008002da8      0x1e4 ./Core/Src/stm32f4xx_hal_msp.o
                0x0000000008002da8                HAL_UART_MspInit
 .text.NMI_Handler
                0x0000000008002f8c        0x6 ./Core/Src/stm32f4xx_it.o
                0x0000000008002f8c                NMI_Handler
 .text.HardFault_Handler
                0x0000000008002f92        0x6 ./Core/Src/stm32f4xx_it.o
                0x0000000008002f92                HardFault_Handler
 .text.MemManage_Handler
                0x0000000008002f98        0x6 ./Core/Src/stm32f4xx_it.o
                0x0000000008002f98                MemManage_Handler
 .text.BusFault_Handler
                0x0000000008002f9e        0x6 ./Core/Src/stm32f4xx_it.o
                0x0000000008002f9e                BusFault_Handler
 .text.UsageFault_Handler
                0x0000000008002fa4        0x6 ./Core/Src/stm32f4xx_it.o
                0x0000000008002fa4                UsageFault_Handler
 .text.SVC_Handler
                0x0000000008002faa        0xe ./Core/Src/stm32f4xx_it.o
                0x0000000008002faa                SVC_Handler
 .text.DebugMon_Handler
                0x0000000008002fb8        0xe ./Core/Src/stm32f4xx_it.o
                0x0000000008002fb8                DebugMon_Handler
 .text.PendSV_Handler
                0x0000000008002fc6        0xe ./Core/Src/stm32f4xx_it.o
                0x0000000008002fc6                PendSV_Handler
 .text.SysTick_Handler
                0x0000000008002fd4        0xc ./Core/Src/stm32f4xx_it.o
                0x0000000008002fd4                SysTick_Handler
 .text.DMA1_Stream3_IRQHandler
                0x0000000008002fe0       0x14 ./Core/Src/stm32f4xx_it.o
                0x0000000008002fe0                DMA1_Stream3_IRQHandler
 .text.DMA1_Stream6_IRQHandler
                0x0000000008002ff4       0x14 ./Core/Src/stm32f4xx_it.o
                0x0000000008002ff4                DMA1_Stream6_IRQHandler
 .text.TIM2_IRQHandler
                0x0000000008003008       0x14 ./Core/Src/stm32f4xx_it.o
                0x0000000008003008                TIM2_IRQHandler
 .text.USART2_IRQHandler
                0x000000000800301c       0x14 ./Core/Src/stm32f4xx_it.o
                0x000000000800301c                USART2_IRQHandler
 .text.USART3_IRQHandler
                0x0000000008003030       0x14 ./Core/Src/stm32f4xx_it.o
                0x0000000008003030                USART3_IRQHandler
 .text.SDIO_IRQHandler
                0x0000000008003044       0x14 ./Core/Src/stm32f4xx_it.o
                0x0000000008003044                SDIO_IRQHandler
 .text.DMA2_Stream0_IRQHandler
                0x0000000008003058       0x14 ./Core/Src/stm32f4xx_it.o
                0x0000000008003058                DMA2_Stream0_IRQHandler
 .text.DMA2_Stream1_IRQHandler
                0x000000000800306c       0x14 ./Core/Src/stm32f4xx_it.o
                0x000000000800306c                DMA2_Stream1_IRQHandler
 .text.DMA2_Stream3_IRQHandler
                0x0000000008003080       0x14 ./Core/Src/stm32f4xx_it.o
                0x0000000008003080                DMA2_Stream3_IRQHandler
 .text.OTG_FS_IRQHandler
                0x0000000008003094       0x14 ./Core/Src/stm32f4xx_it.o
                0x0000000008003094                OTG_FS_IRQHandler
 .text.SPI4_IRQHandler
                0x00000000080030a8       0x14 ./Core/Src/stm32f4xx_it.o
                0x00000000080030a8                SPI4_IRQHandler
 .text._sbrk    0x00000000080030bc       0x6c ./Core/Src/sysmem.o
                0x00000000080030bc                _sbrk
 .text.SystemInit
                0x0000000008003128       0x24 ./Core/Src/system_stm32f4xx.o
                0x0000000008003128                SystemInit
 .text.W25_UNSELECT
                0x000000000800314c       0x18 ./Core/Src/w25.o
                0x000000000800314c                W25_UNSELECT
 .text.wpDisable
                0x0000000008003164       0x20 ./Core/Src/w25.o
                0x0000000008003164                wpDisable
 .text.all_chipID
                0x0000000008003184       0xd4 ./Core/Src/w25.o
                0x0000000008003184                all_chipID
 .text.W25qxx_Spi
                0x0000000008003258       0x34 ./Core/Src/w25.o
                0x0000000008003258                W25qxx_Spi
 .text.W25qxx_Reset
                0x000000000800328c       0x48 ./Core/Src/w25.o
                0x000000000800328c                W25qxx_Reset
 .text.W25qxx_ReadID
                0x00000000080032d4       0x78 ./Core/Src/w25.o
                0x00000000080032d4                W25qxx_ReadID
 .text.W25qxx_ReadEID
                0x000000000800334c       0x70 ./Core/Src/w25.o
                0x000000000800334c                W25qxx_ReadEID
 .text.W25qxx_WriteEnable
                0x00000000080033bc       0x30 ./Core/Src/w25.o
                0x00000000080033bc                W25qxx_WriteEnable
 .text.W25qxx_WaitForWriteEnd
                0x00000000080033ec       0x60 ./Core/Src/w25.o
                0x00000000080033ec                W25qxx_WaitForWriteEnd
 .text.W25qxx_Init
                0x000000000800344c      0x480 ./Core/Src/w25.o
                0x000000000800344c                W25qxx_Init
 .text.W25qxx_getChipID
                0x00000000080038cc       0x18 ./Core/Src/w25.o
                0x00000000080038cc                W25qxx_getChipID
 .text.W25qxx_getSectorCount
                0x00000000080038e4       0x18 ./Core/Src/w25.o
                0x00000000080038e4                W25qxx_getSectorCount
 .text.W25qxx_getPageCount
                0x00000000080038fc       0x18 ./Core/Src/w25.o
                0x00000000080038fc                W25qxx_getPageCount
 .text.W25qxx_getPageSize
                0x0000000008003914       0x18 ./Core/Src/w25.o
                0x0000000008003914                W25qxx_getPageSize
 .text.W25qxx_EraseSector
                0x000000000800392c       0xf8 ./Core/Src/w25.o
                0x000000000800392c                W25qxx_EraseSector
 .text.W25qxx_PageToSector
                0x0000000008003a24       0x2c ./Core/Src/w25.o
                0x0000000008003a24                W25qxx_PageToSector
 .text.W25qxx_FillPage
                0x0000000008003a50      0x198 ./Core/Src/w25.o
                0x0000000008003a50                W25qxx_FillPage
 .text.W25qxx_ReadPage
                0x0000000008003be8      0x1b8 ./Core/Src/w25.o
                0x0000000008003be8                W25qxx_ReadPage
 .text.Reset_Handler
                0x0000000008003da0       0x50 ./Core/Startup/startup_stm32f429vitx.o
                0x0000000008003da0                Reset_Handler
 .text.Default_Handler
                0x0000000008003df0        0x2 ./Core/Startup/startup_stm32f429vitx.o
                0x0000000008003df0                RTC_Alarm_IRQHandler
                0x0000000008003df0                HASH_RNG_IRQHandler
                0x0000000008003df0                EXTI2_IRQHandler
                0x0000000008003df0                TIM8_CC_IRQHandler
                0x0000000008003df0                UART8_IRQHandler
                0x0000000008003df0                TIM1_CC_IRQHandler
                0x0000000008003df0                DMA2_Stream5_IRQHandler
                0x0000000008003df0                DMA1_Stream5_IRQHandler
                0x0000000008003df0                PVD_IRQHandler
                0x0000000008003df0                TAMP_STAMP_IRQHandler
                0x0000000008003df0                CAN2_RX1_IRQHandler
                0x0000000008003df0                EXTI3_IRQHandler
                0x0000000008003df0                TIM8_TRG_COM_TIM14_IRQHandler
                0x0000000008003df0                TIM1_UP_TIM10_IRQHandler
                0x0000000008003df0                TIM8_UP_TIM13_IRQHandler
                0x0000000008003df0                I2C3_ER_IRQHandler
                0x0000000008003df0                EXTI0_IRQHandler
                0x0000000008003df0                I2C2_EV_IRQHandler
                0x0000000008003df0                DMA1_Stream2_IRQHandler
                0x0000000008003df0                CAN1_RX0_IRQHandler
                0x0000000008003df0                FPU_IRQHandler
                0x0000000008003df0                OTG_HS_WKUP_IRQHandler
                0x0000000008003df0                LTDC_ER_IRQHandler
                0x0000000008003df0                CAN2_SCE_IRQHandler
                0x0000000008003df0                DMA2_Stream2_IRQHandler
                0x0000000008003df0                SPI1_IRQHandler
                0x0000000008003df0                TIM6_DAC_IRQHandler
                0x0000000008003df0                TIM1_BRK_TIM9_IRQHandler
                0x0000000008003df0                DCMI_IRQHandler
                0x0000000008003df0                CAN2_RX0_IRQHandler
                0x0000000008003df0                USART6_IRQHandler
                0x0000000008003df0                CAN1_RX1_IRQHandler
                0x0000000008003df0                UART5_IRQHandler
                0x0000000008003df0                TIM4_IRQHandler
                0x0000000008003df0                I2C1_EV_IRQHandler
                0x0000000008003df0                DMA1_Stream1_IRQHandler
                0x0000000008003df0                UART4_IRQHandler
                0x0000000008003df0                TIM3_IRQHandler
                0x0000000008003df0                RCC_IRQHandler
                0x0000000008003df0                TIM8_BRK_TIM12_IRQHandler
                0x0000000008003df0                Default_Handler
                0x0000000008003df0                EXTI15_10_IRQHandler
                0x0000000008003df0                ADC_IRQHandler
                0x0000000008003df0                DMA1_Stream7_IRQHandler
                0x0000000008003df0                SPI5_IRQHandler
                0x0000000008003df0                TIM7_IRQHandler
                0x0000000008003df0                CAN2_TX_IRQHandler
                0x0000000008003df0                TIM5_IRQHandler
                0x0000000008003df0                DMA2_Stream7_IRQHandler
                0x0000000008003df0                I2C3_EV_IRQHandler
                0x0000000008003df0                EXTI9_5_IRQHandler
                0x0000000008003df0                RTC_WKUP_IRQHandler
                0x0000000008003df0                LTDC_IRQHandler
                0x0000000008003df0                ETH_WKUP_IRQHandler
                0x0000000008003df0                SPI2_IRQHandler
                0x0000000008003df0                OTG_HS_EP1_IN_IRQHandler
                0x0000000008003df0                DMA1_Stream0_IRQHandler
                0x0000000008003df0                CAN1_TX_IRQHandler
                0x0000000008003df0                EXTI4_IRQHandler
                0x0000000008003df0                ETH_IRQHandler
                0x0000000008003df0                OTG_HS_EP1_OUT_IRQHandler
                0x0000000008003df0                WWDG_IRQHandler
                0x0000000008003df0                SPI6_IRQHandler
                0x0000000008003df0                OTG_FS_WKUP_IRQHandler
                0x0000000008003df0                TIM1_TRG_COM_TIM11_IRQHandler
                0x0000000008003df0                OTG_HS_IRQHandler
                0x0000000008003df0                DMA2D_IRQHandler
                0x0000000008003df0                EXTI1_IRQHandler
                0x0000000008003df0                UART7_IRQHandler
                0x0000000008003df0                I2C2_ER_IRQHandler
                0x0000000008003df0                CAN1_SCE_IRQHandler
                0x0000000008003df0                FLASH_IRQHandler
                0x0000000008003df0                DMA2_Stream4_IRQHandler
                0x0000000008003df0                USART1_IRQHandler
                0x0000000008003df0                SPI3_IRQHandler
                0x0000000008003df0                DMA1_Stream4_IRQHandler
                0x0000000008003df0                I2C1_ER_IRQHandler
                0x0000000008003df0                FMC_IRQHandler
                0x0000000008003df0                DMA2_Stream6_IRQHandler
                0x0000000008003df0                SAI1_IRQHandler
 *fill*         0x0000000008003df2        0x2 
 .text.HAL_Init
                0x0000000008003df4       0x44 ./Drivers/STM32F4xx_HAL_Driver/Src/stm32f4xx_hal.o
                0x0000000008003df4                HAL_Init
 .text.HAL_InitTick
                0x0000000008003e38       0x60 ./Drivers/STM32F4xx_HAL_Driver/Src/stm32f4xx_hal.o
                0x0000000008003e38                HAL_InitTick
 .text.HAL_IncTick
                0x0000000008003e98       0x28 ./Drivers/STM32F4xx_HAL_Driver/Src/stm32f4xx_hal.o
                0x0000000008003e98                HAL_IncTick
 .text.HAL_GetTick
                0x0000000008003ec0       0x18 ./Drivers/STM32F4xx_HAL_Driver/Src/stm32f4xx_hal.o
                0x0000000008003ec0                HAL_GetTick
 .text.HAL_Delay
                0x0000000008003ed8       0x48 ./Drivers/STM32F4xx_HAL_Driver/Src/stm32f4xx_hal.o
                0x0000000008003ed8                HAL_Delay
 .text.__NVIC_SetPriorityGrouping
                0x0000000008003f20       0x48 ./Drivers/STM32F4xx_HAL_Driver/Src/stm32f4xx_hal_cortex.o
 .text.__NVIC_GetPriorityGrouping
                0x0000000008003f68       0x1c ./Drivers/STM32F4xx_HAL_Driver/Src/stm32f4xx_hal_cortex.o
 .text.__NVIC_EnableIRQ
                0x0000000008003f84       0x3c ./Drivers/STM32F4xx_HAL_Driver/Src/stm32f4xx_hal_cortex.o
 .text.__NVIC_SetPriority
                0x0000000008003fc0       0x54 ./Drivers/STM32F4xx_HAL_Driver/Src/stm32f4xx_hal_cortex.o
 .text.NVIC_EncodePriority
                0x0000000008004014       0x66 ./Drivers/STM32F4xx_HAL_Driver/Src/stm32f4xx_hal_cortex.o
 *fill*         0x000000000800407a        0x2 
 .text.SysTick_Config
                0x000000000800407c       0x44 ./Drivers/STM32F4xx_HAL_Driver/Src/stm32f4xx_hal_cortex.o
 .text.HAL_NVIC_SetPriorityGrouping
                0x00000000080040c0       0x16 ./Drivers/STM32F4xx_HAL_Driver/Src/stm32f4xx_hal_cortex.o
                0x00000000080040c0                HAL_NVIC_SetPriorityGrouping
 .text.HAL_NVIC_SetPriority
                0x00000000080040d6       0x38 ./Drivers/STM32F4xx_HAL_Driver/Src/stm32f4xx_hal_cortex.o
                0x00000000080040d6                HAL_NVIC_SetPriority
 .text.HAL_NVIC_EnableIRQ
                0x000000000800410e       0x1c ./Drivers/STM32F4xx_HAL_Driver/Src/stm32f4xx_hal_cortex.o
                0x000000000800410e                HAL_NVIC_EnableIRQ
 .text.HAL_SYSTICK_Config
                0x000000000800412a       0x18 ./Drivers/STM32F4xx_HAL_Driver/Src/stm32f4xx_hal_cortex.o
                0x000000000800412a                HAL_SYSTICK_Config
 *fill*         0x0000000008004142        0x2 
 .text.HAL_DMA_Init
                0x0000000008004144      0x15c ./Drivers/STM32F4xx_HAL_Driver/Src/stm32f4xx_hal_dma.o
                0x0000000008004144                HAL_DMA_Init
 .text.HAL_DMA_Start_IT
                0x00000000080042a0       0xb0 ./Drivers/STM32F4xx_HAL_Driver/Src/stm32f4xx_hal_dma.o
                0x00000000080042a0                HAL_DMA_Start_IT
 .text.HAL_DMA_Abort
                0x0000000008004350       0xe0 ./Drivers/STM32F4xx_HAL_Driver/Src/stm32f4xx_hal_dma.o
                0x0000000008004350                HAL_DMA_Abort
 .text.HAL_DMA_Abort_IT
                0x0000000008004430       0x44 ./Drivers/STM32F4xx_HAL_Driver/Src/stm32f4xx_hal_dma.o
                0x0000000008004430                HAL_DMA_Abort_IT
 .text.HAL_DMA_IRQHandler
                0x0000000008004474      0x314 ./Drivers/STM32F4xx_HAL_Driver/Src/stm32f4xx_hal_dma.o
                0x0000000008004474                HAL_DMA_IRQHandler
 .text.DMA_SetConfig
                0x0000000008004788       0x5c ./Drivers/STM32F4xx_HAL_Driver/Src/stm32f4xx_hal_dma.o
 .text.DMA_CalcBaseAndBitshift
                0x00000000080047e4       0x6c ./Drivers/STM32F4xx_HAL_Driver/Src/stm32f4xx_hal_dma.o
 .text.DMA_CheckFifoParam
                0x0000000008004850       0xf8 ./Drivers/STM32F4xx_HAL_Driver/Src/stm32f4xx_hal_dma.o
 .text.HAL_GPIO_Init
                0x0000000008004948      0x358 ./Drivers/STM32F4xx_HAL_Driver/Src/stm32f4xx_hal_gpio.o
                0x0000000008004948                HAL_GPIO_Init
 .text.HAL_GPIO_WritePin
                0x0000000008004ca0       0x32 ./Drivers/STM32F4xx_HAL_Driver/Src/stm32f4xx_hal_gpio.o
                0x0000000008004ca0                HAL_GPIO_WritePin
 .text.HAL_GPIO_TogglePin
                0x0000000008004cd2       0x34 ./Drivers/STM32F4xx_HAL_Driver/Src/stm32f4xx_hal_gpio.o
                0x0000000008004cd2                HAL_GPIO_TogglePin
 .text.HAL_PCD_Init
                0x0000000008004d06      0x23a ./Drivers/STM32F4xx_HAL_Driver/Src/stm32f4xx_hal_pcd.o
                0x0000000008004d06                HAL_PCD_Init
 .text.HAL_PCD_Start
                0x0000000008004f40       0x66 ./Drivers/STM32F4xx_HAL_Driver/Src/stm32f4xx_hal_pcd.o
                0x0000000008004f40                HAL_PCD_Start
 .text.HAL_PCD_IRQHandler
                0x0000000008004fa6      0x93e ./Drivers/STM32F4xx_HAL_Driver/Src/stm32f4xx_hal_pcd.o
                0x0000000008004fa6                HAL_PCD_IRQHandler
 .text.HAL_PCD_SetAddress
                0x00000000080058e4       0x4a ./Drivers/STM32F4xx_HAL_Driver/Src/stm32f4xx_hal_pcd.o
                0x00000000080058e4                HAL_PCD_SetAddress
 .text.HAL_PCD_EP_Open
                0x000000000800592e       0xd0 ./Drivers/STM32F4xx_HAL_Driver/Src/stm32f4xx_hal_pcd.o
                0x000000000800592e                HAL_PCD_EP_Open
 .text.HAL_PCD_EP_Close
                0x00000000080059fe       0x94 ./Drivers/STM32F4xx_HAL_Driver/Src/stm32f4xx_hal_pcd.o
                0x00000000080059fe                HAL_PCD_EP_Close
 .text.HAL_PCD_EP_Receive
                0x0000000008005a92       0x96 ./Drivers/STM32F4xx_HAL_Driver/Src/stm32f4xx_hal_pcd.o
                0x0000000008005a92                HAL_PCD_EP_Receive
 .text.HAL_PCD_EP_GetRxCount
                0x0000000008005b28       0x30 ./Drivers/STM32F4xx_HAL_Driver/Src/stm32f4xx_hal_pcd.o
                0x0000000008005b28                HAL_PCD_EP_GetRxCount
 .text.HAL_PCD_EP_Transmit
                0x0000000008005b58       0x94 ./Drivers/STM32F4xx_HAL_Driver/Src/stm32f4xx_hal_pcd.o
                0x0000000008005b58                HAL_PCD_EP_Transmit
 .text.HAL_PCD_EP_SetStall
                0x0000000008005bec       0xc8 ./Drivers/STM32F4xx_HAL_Driver/Src/stm32f4xx_hal_pcd.o
                0x0000000008005bec                HAL_PCD_EP_SetStall
 .text.HAL_PCD_EP_ClrStall
                0x0000000008005cb4       0xac ./Drivers/STM32F4xx_HAL_Driver/Src/stm32f4xx_hal_pcd.o
                0x0000000008005cb4                HAL_PCD_EP_ClrStall
 .text.HAL_PCD_EP_Abort
                0x0000000008005d60       0x62 ./Drivers/STM32F4xx_HAL_Driver/Src/stm32f4xx_hal_pcd.o
                0x0000000008005d60                HAL_PCD_EP_Abort
 .text.PCD_WriteEmptyTxFifo
                0x0000000008005dc2      0x11a ./Drivers/STM32F4xx_HAL_Driver/Src/stm32f4xx_hal_pcd.o
 .text.PCD_EP_OutXfrComplete_int
                0x0000000008005edc      0x1d0 ./Drivers/STM32F4xx_HAL_Driver/Src/stm32f4xx_hal_pcd.o
 .text.PCD_EP_OutSetupPacket_int
                0x00000000080060ac       0x8c ./Drivers/STM32F4xx_HAL_Driver/Src/stm32f4xx_hal_pcd.o
 .text.HAL_PCDEx_SetTxFiFo
                0x0000000008006138       0x8e ./Drivers/STM32F4xx_HAL_Driver/Src/stm32f4xx_hal_pcd_ex.o
                0x0000000008006138                HAL_PCDEx_SetTxFiFo
 .text.HAL_PCDEx_SetRxFiFo
                0x00000000080061c6       0x22 ./Drivers/STM32F4xx_HAL_Driver/Src/stm32f4xx_hal_pcd_ex.o
                0x00000000080061c6                HAL_PCDEx_SetRxFiFo
 .text.HAL_PCDEx_LPM_Callback
                0x00000000080061e8       0x18 ./Drivers/STM32F4xx_HAL_Driver/Src/stm32f4xx_hal_pcd_ex.o
                0x00000000080061e8                HAL_PCDEx_LPM_Callback
 .text.HAL_RCC_OscConfig
                0x0000000008006200      0x4f0 ./Drivers/STM32F4xx_HAL_Driver/Src/stm32f4xx_hal_rcc.o
                0x0000000008006200                HAL_RCC_OscConfig
 .text.HAL_RCC_ClockConfig
                0x00000000080066f0      0x1cc ./Drivers/STM32F4xx_HAL_Driver/Src/stm32f4xx_hal_rcc.o
                0x00000000080066f0                HAL_RCC_ClockConfig
 .text.HAL_RCC_GetSysClockFreq
                0x00000000080068bc      0x18c ./Drivers/STM32F4xx_HAL_Driver/Src/stm32f4xx_hal_rcc.o
                0x00000000080068bc                HAL_RCC_GetSysClockFreq
 .text.HAL_RCC_GetHCLKFreq
                0x0000000008006a48       0x18 ./Drivers/STM32F4xx_HAL_Driver/Src/stm32f4xx_hal_rcc.o
                0x0000000008006a48                HAL_RCC_GetHCLKFreq
 .text.HAL_RCC_GetPCLK1Freq
                0x0000000008006a60       0x28 ./Drivers/STM32F4xx_HAL_Driver/Src/stm32f4xx_hal_rcc.o
                0x0000000008006a60                HAL_RCC_GetPCLK1Freq
 .text.HAL_RCC_GetPCLK2Freq
                0x0000000008006a88       0x28 ./Drivers/STM32F4xx_HAL_Driver/Src/stm32f4xx_hal_rcc.o
                0x0000000008006a88                HAL_RCC_GetPCLK2Freq
 .text.HAL_RCCEx_PeriphCLKConfig
                0x0000000008006ab0      0x380 ./Drivers/STM32F4xx_HAL_Driver/Src/stm32f4xx_hal_rcc_ex.o
                0x0000000008006ab0                HAL_RCCEx_PeriphCLKConfig
 .text.HAL_RTC_Init
                0x0000000008006e30       0xec ./Drivers/STM32F4xx_HAL_Driver/Src/stm32f4xx_hal_rtc.o
                0x0000000008006e30                HAL_RTC_Init
 .text.HAL_RTC_SetTime
                0x0000000008006f1c      0x134 ./Drivers/STM32F4xx_HAL_Driver/Src/stm32f4xx_hal_rtc.o
                0x0000000008006f1c                HAL_RTC_SetTime
 .text.HAL_RTC_GetTime
                0x0000000008007050       0xbc ./Drivers/STM32F4xx_HAL_Driver/Src/stm32f4xx_hal_rtc.o
                0x0000000008007050                HAL_RTC_GetTime
 .text.HAL_RTC_SetDate
                0x000000000800710c      0x108 ./Drivers/STM32F4xx_HAL_Driver/Src/stm32f4xx_hal_rtc.o
                0x000000000800710c                HAL_RTC_SetDate
 .text.HAL_RTC_GetDate
                0x0000000008007214       0x9e ./Drivers/STM32F4xx_HAL_Driver/Src/stm32f4xx_hal_rtc.o
                0x0000000008007214                HAL_RTC_GetDate
 .text.HAL_RTC_WaitForSynchro
                0x00000000080072b2       0x50 ./Drivers/STM32F4xx_HAL_Driver/Src/stm32f4xx_hal_rtc.o
                0x00000000080072b2                HAL_RTC_WaitForSynchro
 .text.RTC_EnterInitMode
                0x0000000008007302       0x6e ./Drivers/STM32F4xx_HAL_Driver/Src/stm32f4xx_hal_rtc.o
                0x0000000008007302                RTC_EnterInitMode
 .text.RTC_ExitInitMode
                0x0000000008007370       0x4a ./Drivers/STM32F4xx_HAL_Driver/Src/stm32f4xx_hal_rtc.o
                0x0000000008007370                RTC_ExitInitMode
 .text.RTC_ByteToBcd2
                0x00000000080073ba       0x3a ./Drivers/STM32F4xx_HAL_Driver/Src/stm32f4xx_hal_rtc.o
                0x00000000080073ba                RTC_ByteToBcd2
 .text.RTC_Bcd2ToByte
                0x00000000080073f4       0x38 ./Drivers/STM32F4xx_HAL_Driver/Src/stm32f4xx_hal_rtc.o
                0x00000000080073f4                RTC_Bcd2ToByte
 .text.HAL_SD_Init
                0x000000000800742c       0x60 ./Drivers/STM32F4xx_HAL_Driver/Src/stm32f4xx_hal_sd.o
                0x000000000800742c                HAL_SD_Init
 .text.HAL_SD_InitCard
                0x000000000800748c      0x100 ./Drivers/STM32F4xx_HAL_Driver/Src/stm32f4xx_hal_sd.o
                0x000000000800748c                HAL_SD_InitCard
 .text.HAL_SD_ReadBlocks
                0x000000000800758c      0x3bc ./Drivers/STM32F4xx_HAL_Driver/Src/stm32f4xx_hal_sd.o
                0x000000000800758c                HAL_SD_ReadBlocks
 .text.HAL_SD_WriteBlocks
                0x0000000008007948      0x30c ./Drivers/STM32F4xx_HAL_Driver/Src/stm32f4xx_hal_sd.o
                0x0000000008007948                HAL_SD_WriteBlocks
 .text.HAL_SD_IRQHandler
                0x0000000008007c54      0x30c ./Drivers/STM32F4xx_HAL_Driver/Src/stm32f4xx_hal_sd.o
                0x0000000008007c54                HAL_SD_IRQHandler
 .text.HAL_SD_ErrorCallback
                0x0000000008007f60       0x14 ./Drivers/STM32F4xx_HAL_Driver/Src/stm32f4xx_hal_sd.o
                0x0000000008007f60                HAL_SD_ErrorCallback
 .text.HAL_SD_GetCardCSD
                0x0000000008007f74      0x348 ./Drivers/STM32F4xx_HAL_Driver/Src/stm32f4xx_hal_sd.o
                0x0000000008007f74                HAL_SD_GetCardCSD
 .text.HAL_SD_GetCardInfo
                0x00000000080082bc       0x58 ./Drivers/STM32F4xx_HAL_Driver/Src/stm32f4xx_hal_sd.o
                0x00000000080082bc                HAL_SD_GetCardInfo
 .text.HAL_SD_ConfigWideBusOperation
                0x0000000008008314      0x134 ./Drivers/STM32F4xx_HAL_Driver/Src/stm32f4xx_hal_sd.o
                0x0000000008008314                HAL_SD_ConfigWideBusOperation
 .text.HAL_SD_GetCardState
                0x0000000008008448       0x40 ./Drivers/STM32F4xx_HAL_Driver/Src/stm32f4xx_hal_sd.o
                0x0000000008008448                HAL_SD_GetCardState
 .text.SD_DMATxAbort
                0x0000000008008488       0x6e ./Drivers/STM32F4xx_HAL_Driver/Src/stm32f4xx_hal_sd.o
 .text.SD_DMARxAbort
                0x00000000080084f6       0x6e ./Drivers/STM32F4xx_HAL_Driver/Src/stm32f4xx_hal_sd.o
 .text.SD_InitCard
                0x0000000008008564      0x19c ./Drivers/STM32F4xx_HAL_Driver/Src/stm32f4xx_hal_sd.o
 .text.SD_PowerON
                0x0000000008008700      0x11c ./Drivers/STM32F4xx_HAL_Driver/Src/stm32f4xx_hal_sd.o
 .text.SD_SendStatus
                0x000000000800881c       0x50 ./Drivers/STM32F4xx_HAL_Driver/Src/stm32f4xx_hal_sd.o
 .text.SD_WideBus_Enable
                0x000000000800886c       0x96 ./Drivers/STM32F4xx_HAL_Driver/Src/stm32f4xx_hal_sd.o
 .text.SD_WideBus_Disable
                0x0000000008008902       0x96 ./Drivers/STM32F4xx_HAL_Driver/Src/stm32f4xx_hal_sd.o
 .text.SD_FindSCR
                0x0000000008008998      0x1a6 ./Drivers/STM32F4xx_HAL_Driver/Src/stm32f4xx_hal_sd.o
 .text.SD_Read_IT
                0x0000000008008b3e       0xa2 ./Drivers/STM32F4xx_HAL_Driver/Src/stm32f4xx_hal_sd.o
 .text.SD_Write_IT
                0x0000000008008be0       0xaa ./Drivers/STM32F4xx_HAL_Driver/Src/stm32f4xx_hal_sd.o
 .text.HAL_SPI_Init
                0x0000000008008c8a      0x112 ./Drivers/STM32F4xx_HAL_Driver/Src/stm32f4xx_hal_spi.o
                0x0000000008008c8a                HAL_SPI_Init
 .text.HAL_SPI_Transmit
                0x0000000008008d9c      0x278 ./Drivers/STM32F4xx_HAL_Driver/Src/stm32f4xx_hal_spi.o
                0x0000000008008d9c                HAL_SPI_Transmit
 .text.HAL_SPI_Receive
                0x0000000008009014      0x222 ./Drivers/STM32F4xx_HAL_Driver/Src/stm32f4xx_hal_spi.o
                0x0000000008009014                HAL_SPI_Receive
 .text.HAL_SPI_TransmitReceive
                0x0000000008009236      0x344 ./Drivers/STM32F4xx_HAL_Driver/Src/stm32f4xx_hal_spi.o
                0x0000000008009236                HAL_SPI_TransmitReceive
 *fill*         0x000000000800957a        0x2 
 .text.HAL_SPI_Transmit_DMA
                0x000000000800957c      0x16c ./Drivers/STM32F4xx_HAL_Driver/Src/stm32f4xx_hal_spi.o
                0x000000000800957c                HAL_SPI_Transmit_DMA
 .text.HAL_SPI_TransmitReceive_DMA
                0x00000000080096e8      0x204 ./Drivers/STM32F4xx_HAL_Driver/Src/stm32f4xx_hal_spi.o
                0x00000000080096e8                HAL_SPI_TransmitReceive_DMA
 .text.HAL_SPI_IRQHandler
                0x00000000080098ec      0x200 ./Drivers/STM32F4xx_HAL_Driver/Src/stm32f4xx_hal_spi.o
                0x00000000080098ec                HAL_SPI_IRQHandler
 .text.HAL_SPI_TxRxCpltCallback
                0x0000000008009aec       0x14 ./Drivers/STM32F4xx_HAL_Driver/Src/stm32f4xx_hal_spi.o
                0x0000000008009aec                HAL_SPI_TxRxCpltCallback
 .text.HAL_SPI_TxHalfCpltCallback
                0x0000000008009b00       0x14 ./Drivers/STM32F4xx_HAL_Driver/Src/stm32f4xx_hal_spi.o
                0x0000000008009b00                HAL_SPI_TxHalfCpltCallback
 .text.HAL_SPI_RxHalfCpltCallback
                0x0000000008009b14       0x14 ./Drivers/STM32F4xx_HAL_Driver/Src/stm32f4xx_hal_spi.o
                0x0000000008009b14                HAL_SPI_RxHalfCpltCallback
 .text.HAL_SPI_TxRxHalfCpltCallback
                0x0000000008009b28       0x14 ./Drivers/STM32F4xx_HAL_Driver/Src/stm32f4xx_hal_spi.o
                0x0000000008009b28                HAL_SPI_TxRxHalfCpltCallback
 .text.HAL_SPI_ErrorCallback
                0x0000000008009b3c       0x14 ./Drivers/STM32F4xx_HAL_Driver/Src/stm32f4xx_hal_spi.o
                0x0000000008009b3c                HAL_SPI_ErrorCallback
 .text.SPI_DMATransmitCplt
                0x0000000008009b50       0xa8 ./Drivers/STM32F4xx_HAL_Driver/Src/stm32f4xx_hal_spi.o
 .text.SPI_DMAReceiveCplt
                0x0000000008009bf8       0xa8 ./Drivers/STM32F4xx_HAL_Driver/Src/stm32f4xx_hal_spi.o
 .text.SPI_DMATransmitReceiveCplt
                0x0000000008009ca0       0x90 ./Drivers/STM32F4xx_HAL_Driver/Src/stm32f4xx_hal_spi.o
 .text.SPI_DMAHalfTransmitCplt
                0x0000000008009d30       0x1c ./Drivers/STM32F4xx_HAL_Driver/Src/stm32f4xx_hal_spi.o
 .text.SPI_DMAHalfReceiveCplt
                0x0000000008009d4c       0x1c ./Drivers/STM32F4xx_HAL_Driver/Src/stm32f4xx_hal_spi.o
 .text.SPI_DMAHalfTransmitReceiveCplt
                0x0000000008009d68       0x1c ./Drivers/STM32F4xx_HAL_Driver/Src/stm32f4xx_hal_spi.o
 .text.SPI_DMAError
                0x0000000008009d84       0x40 ./Drivers/STM32F4xx_HAL_Driver/Src/stm32f4xx_hal_spi.o
 .text.SPI_DMAAbortOnError
                0x0000000008009dc4       0x28 ./Drivers/STM32F4xx_HAL_Driver/Src/stm32f4xx_hal_spi.o
 .text.SPI_WaitFlagStateUntilTimeout
                0x0000000008009dec      0x110 ./Drivers/STM32F4xx_HAL_Driver/Src/stm32f4xx_hal_spi.o
 .text.SPI_EndRxTransaction
                0x0000000008009efc       0xca ./Drivers/STM32F4xx_HAL_Driver/Src/stm32f4xx_hal_spi.o
 *fill*         0x0000000008009fc6        0x2 
 .text.SPI_EndRxTxTransaction
                0x0000000008009fc8       0x84 ./Drivers/STM32F4xx_HAL_Driver/Src/stm32f4xx_hal_spi.o
 .text.HAL_TIM_Base_Init
                0x000000000800a04c       0x9e ./Drivers/STM32F4xx_HAL_Driver/Src/stm32f4xx_hal_tim.o
                0x000000000800a04c                HAL_TIM_Base_Init
 *fill*         0x000000000800a0ea        0x2 
 .text.HAL_TIM_Base_Start_IT
                0x000000000800a0ec       0xe0 ./Drivers/STM32F4xx_HAL_Driver/Src/stm32f4xx_hal_tim.o
                0x000000000800a0ec                HAL_TIM_Base_Start_IT
 .text.HAL_TIM_IRQHandler
                0x000000000800a1cc      0x210 ./Drivers/STM32F4xx_HAL_Driver/Src/stm32f4xx_hal_tim.o
                0x000000000800a1cc                HAL_TIM_IRQHandler
 .text.HAL_TIM_ConfigClockSource
                0x000000000800a3dc      0x18e ./Drivers/STM32F4xx_HAL_Driver/Src/stm32f4xx_hal_tim.o
                0x000000000800a3dc                HAL_TIM_ConfigClockSource
 .text.HAL_TIM_OC_DelayElapsedCallback
                0x000000000800a56a       0x14 ./Drivers/STM32F4xx_HAL_Driver/Src/stm32f4xx_hal_tim.o
                0x000000000800a56a                HAL_TIM_OC_DelayElapsedCallback
 .text.HAL_TIM_IC_CaptureCallback
                0x000000000800a57e       0x14 ./Drivers/STM32F4xx_HAL_Driver/Src/stm32f4xx_hal_tim.o
                0x000000000800a57e                HAL_TIM_IC_CaptureCallback
 .text.HAL_TIM_PWM_PulseFinishedCallback
                0x000000000800a592       0x14 ./Drivers/STM32F4xx_HAL_Driver/Src/stm32f4xx_hal_tim.o
                0x000000000800a592                HAL_TIM_PWM_PulseFinishedCallback
 .text.HAL_TIM_TriggerCallback
                0x000000000800a5a6       0x14 ./Drivers/STM32F4xx_HAL_Driver/Src/stm32f4xx_hal_tim.o
                0x000000000800a5a6                HAL_TIM_TriggerCallback
 *fill*         0x000000000800a5ba        0x2 
 .text.TIM_Base_SetConfig
                0x000000000800a5bc      0x140 ./Drivers/STM32F4xx_HAL_Driver/Src/stm32f4xx_hal_tim.o
                0x000000000800a5bc                TIM_Base_SetConfig
 .text.TIM_TI1_ConfigInputStage
                0x000000000800a6fc       0x5e ./Drivers/STM32F4xx_HAL_Driver/Src/stm32f4xx_hal_tim.o
 .text.TIM_TI2_ConfigInputStage
                0x000000000800a75a       0x60 ./Drivers/STM32F4xx_HAL_Driver/Src/stm32f4xx_hal_tim.o
 .text.TIM_ITRx_SetConfig
                0x000000000800a7ba       0x36 ./Drivers/STM32F4xx_HAL_Driver/Src/stm32f4xx_hal_tim.o
 .text.TIM_ETR_SetConfig
                0x000000000800a7f0       0x40 ./Drivers/STM32F4xx_HAL_Driver/Src/stm32f4xx_hal_tim.o
                0x000000000800a7f0                TIM_ETR_SetConfig
 .text.HAL_TIMEx_MasterConfigSynchronization
                0x000000000800a830       0xf8 ./Drivers/STM32F4xx_HAL_Driver/Src/stm32f4xx_hal_tim_ex.o
                0x000000000800a830                HAL_TIMEx_MasterConfigSynchronization
 .text.HAL_TIMEx_CommutCallback
                0x000000000800a928       0x14 ./Drivers/STM32F4xx_HAL_Driver/Src/stm32f4xx_hal_tim_ex.o
                0x000000000800a928                HAL_TIMEx_CommutCallback
 .text.HAL_TIMEx_BreakCallback
                0x000000000800a93c       0x14 ./Drivers/STM32F4xx_HAL_Driver/Src/stm32f4xx_hal_tim_ex.o
                0x000000000800a93c                HAL_TIMEx_BreakCallback
 .text.HAL_UART_Init
                0x000000000800a950       0x9a ./Drivers/STM32F4xx_HAL_Driver/Src/stm32f4xx_hal_uart.o
                0x000000000800a950                HAL_UART_Init
 .text.HAL_UART_Receive_IT
                0x000000000800a9ea       0x60 ./Drivers/STM32F4xx_HAL_Driver/Src/stm32f4xx_hal_uart.o
                0x000000000800a9ea                HAL_UART_Receive_IT
 *fill*         0x000000000800aa4a        0x2 
 .text.HAL_UART_Transmit_DMA
                0x000000000800aa4c       0xfc ./Drivers/STM32F4xx_HAL_Driver/Src/stm32f4xx_hal_uart.o
                0x000000000800aa4c                HAL_UART_Transmit_DMA
 .text.HAL_UART_IRQHandler
                0x000000000800ab48      0x51c ./Drivers/STM32F4xx_HAL_Driver/Src/stm32f4xx_hal_uart.o
                0x000000000800ab48                HAL_UART_IRQHandler
 .text.HAL_UART_TxHalfCpltCallback
                0x000000000800b064       0x14 ./Drivers/STM32F4xx_HAL_Driver/Src/stm32f4xx_hal_uart.o
                0x000000000800b064                HAL_UART_TxHalfCpltCallback
 .text.HAL_UART_ErrorCallback
                0x000000000800b078       0x14 ./Drivers/STM32F4xx_HAL_Driver/Src/stm32f4xx_hal_uart.o
                0x000000000800b078                HAL_UART_ErrorCallback
 .text.HAL_UARTEx_RxEventCallback
                0x000000000800b08c       0x18 ./Drivers/STM32F4xx_HAL_Driver/Src/stm32f4xx_hal_uart.o
                0x000000000800b08c                HAL_UARTEx_RxEventCallback
 .text.UART_DMATransmitCplt
                0x000000000800b0a4       0x9a ./Drivers/STM32F4xx_HAL_Driver/Src/stm32f4xx_hal_uart.o
 .text.UART_DMATxHalfCplt
                0x000000000800b13e       0x1c ./Drivers/STM32F4xx_HAL_Driver/Src/stm32f4xx_hal_uart.o
 .text.UART_DMAError
                0x000000000800b15a       0x94 ./Drivers/STM32F4xx_HAL_Driver/Src/stm32f4xx_hal_uart.o
 .text.UART_Start_Receive_IT
                0x000000000800b1ee       0x7c ./Drivers/STM32F4xx_HAL_Driver/Src/stm32f4xx_hal_uart.o
                0x000000000800b1ee                UART_Start_Receive_IT
 .text.UART_EndTxTransfer
                0x000000000800b26a       0x50 ./Drivers/STM32F4xx_HAL_Driver/Src/stm32f4xx_hal_uart.o
 .text.UART_EndRxTransfer
                0x000000000800b2ba       0xc6 ./Drivers/STM32F4xx_HAL_Driver/Src/stm32f4xx_hal_uart.o
 .text.UART_DMAAbortOnError
                0x000000000800b380       0x28 ./Drivers/STM32F4xx_HAL_Driver/Src/stm32f4xx_hal_uart.o
 .text.UART_Transmit_IT
                0x000000000800b3a8       0xa0 ./Drivers/STM32F4xx_HAL_Driver/Src/stm32f4xx_hal_uart.o
 .text.UART_EndTransmit_IT
                0x000000000800b448       0x30 ./Drivers/STM32F4xx_HAL_Driver/Src/stm32f4xx_hal_uart.o
 .text.UART_Receive_IT
                0x000000000800b478      0x176 ./Drivers/STM32F4xx_HAL_Driver/Src/stm32f4xx_hal_uart.o
 *fill*         0x000000000800b5ee        0x2 
 .text.UART_SetConfig
                0x000000000800b5f0      0x4e8 ./Drivers/STM32F4xx_HAL_Driver/Src/stm32f4xx_hal_uart.o
 .text.SDIO_Init
                0x000000000800bad8       0x56 ./Drivers/STM32F4xx_HAL_Driver/Src/stm32f4xx_ll_sdmmc.o
                0x000000000800bad8                SDIO_Init
 .text.SDIO_ReadFIFO
                0x000000000800bb2e       0x1a ./Drivers/STM32F4xx_HAL_Driver/Src/stm32f4xx_ll_sdmmc.o
                0x000000000800bb2e                SDIO_ReadFIFO
 .text.SDIO_WriteFIFO
                0x000000000800bb48       0x22 ./Drivers/STM32F4xx_HAL_Driver/Src/stm32f4xx_ll_sdmmc.o
                0x000000000800bb48                SDIO_WriteFIFO
 .text.SDIO_PowerState_ON
                0x000000000800bb6a       0x1c ./Drivers/STM32F4xx_HAL_Driver/Src/stm32f4xx_ll_sdmmc.o
                0x000000000800bb6a                SDIO_PowerState_ON
 .text.SDIO_GetPowerState
                0x000000000800bb86       0x1c ./Drivers/STM32F4xx_HAL_Driver/Src/stm32f4xx_ll_sdmmc.o
                0x000000000800bb86                SDIO_GetPowerState
 .text.SDIO_SendCommand
                0x000000000800bba2       0x54 ./Drivers/STM32F4xx_HAL_Driver/Src/stm32f4xx_ll_sdmmc.o
                0x000000000800bba2                SDIO_SendCommand
 .text.SDIO_GetCommandResponse
                0x000000000800bbf6       0x1a ./Drivers/STM32F4xx_HAL_Driver/Src/stm32f4xx_ll_sdmmc.o
                0x000000000800bbf6                SDIO_GetCommandResponse
 .text.SDIO_GetResponse
                0x000000000800bc10       0x26 ./Drivers/STM32F4xx_HAL_Driver/Src/stm32f4xx_ll_sdmmc.o
                0x000000000800bc10                SDIO_GetResponse
 .text.SDIO_ConfigData
                0x000000000800bc36       0x58 ./Drivers/STM32F4xx_HAL_Driver/Src/stm32f4xx_ll_sdmmc.o
                0x000000000800bc36                SDIO_ConfigData
 .text.SDMMC_CmdBlockLength
                0x000000000800bc8e       0x44 ./Drivers/STM32F4xx_HAL_Driver/Src/stm32f4xx_ll_sdmmc.o
                0x000000000800bc8e                SDMMC_CmdBlockLength
 .text.SDMMC_CmdReadSingleBlock
                0x000000000800bcd2       0x44 ./Drivers/STM32F4xx_HAL_Driver/Src/stm32f4xx_ll_sdmmc.o
                0x000000000800bcd2                SDMMC_CmdReadSingleBlock
 .text.SDMMC_CmdReadMultiBlock
                0x000000000800bd16       0x44 ./Drivers/STM32F4xx_HAL_Driver/Src/stm32f4xx_ll_sdmmc.o
                0x000000000800bd16                SDMMC_CmdReadMultiBlock
 .text.SDMMC_CmdWriteSingleBlock
                0x000000000800bd5a       0x44 ./Drivers/STM32F4xx_HAL_Driver/Src/stm32f4xx_ll_sdmmc.o
                0x000000000800bd5a                SDMMC_CmdWriteSingleBlock
 .text.SDMMC_CmdWriteMultiBlock
                0x000000000800bd9e       0x44 ./Drivers/STM32F4xx_HAL_Driver/Src/stm32f4xx_ll_sdmmc.o
                0x000000000800bd9e                SDMMC_CmdWriteMultiBlock
 *fill*         0x000000000800bde2        0x2 
 .text.SDMMC_CmdStopTransfer
                0x000000000800bde4       0x44 ./Drivers/STM32F4xx_HAL_Driver/Src/stm32f4xx_ll_sdmmc.o
                0x000000000800bde4                SDMMC_CmdStopTransfer
 .text.SDMMC_CmdSelDesel
                0x000000000800be28       0x46 ./Drivers/STM32F4xx_HAL_Driver/Src/stm32f4xx_ll_sdmmc.o
                0x000000000800be28                SDMMC_CmdSelDesel
 .text.SDMMC_CmdGoIdleState
                0x000000000800be6e       0x3c ./Drivers/STM32F4xx_HAL_Driver/Src/stm32f4xx_ll_sdmmc.o
                0x000000000800be6e                SDMMC_CmdGoIdleState
 .text.SDMMC_CmdOperCond
                0x000000000800beaa       0x3e ./Drivers/STM32F4xx_HAL_Driver/Src/stm32f4xx_ll_sdmmc.o
                0x000000000800beaa                SDMMC_CmdOperCond
 .text.SDMMC_CmdAppCommand
                0x000000000800bee8       0x44 ./Drivers/STM32F4xx_HAL_Driver/Src/stm32f4xx_ll_sdmmc.o
                0x000000000800bee8                SDMMC_CmdAppCommand
 .text.SDMMC_CmdAppOperCommand
                0x000000000800bf2c       0x46 ./Drivers/STM32F4xx_HAL_Driver/Src/stm32f4xx_ll_sdmmc.o
                0x000000000800bf2c                SDMMC_CmdAppOperCommand
 .text.SDMMC_CmdBusWidth
                0x000000000800bf72       0x44 ./Drivers/STM32F4xx_HAL_Driver/Src/stm32f4xx_ll_sdmmc.o
                0x000000000800bf72                SDMMC_CmdBusWidth
 .text.SDMMC_CmdSendSCR
                0x000000000800bfb6       0x42 ./Drivers/STM32F4xx_HAL_Driver/Src/stm32f4xx_ll_sdmmc.o
                0x000000000800bfb6                SDMMC_CmdSendSCR
 .text.SDMMC_CmdSendCID
                0x000000000800bff8       0x3c ./Drivers/STM32F4xx_HAL_Driver/Src/stm32f4xx_ll_sdmmc.o
                0x000000000800bff8                SDMMC_CmdSendCID
 .text.SDMMC_CmdSendCSD
                0x000000000800c034       0x3e ./Drivers/STM32F4xx_HAL_Driver/Src/stm32f4xx_ll_sdmmc.o
                0x000000000800c034                SDMMC_CmdSendCSD
 .text.SDMMC_CmdSetRelAdd
                0x000000000800c072       0x42 ./Drivers/STM32F4xx_HAL_Driver/Src/stm32f4xx_ll_sdmmc.o
                0x000000000800c072                SDMMC_CmdSetRelAdd
 .text.SDMMC_CmdSendStatus
                0x000000000800c0b4       0x44 ./Drivers/STM32F4xx_HAL_Driver/Src/stm32f4xx_ll_sdmmc.o
                0x000000000800c0b4                SDMMC_CmdSendStatus
 .text.SDMMC_GetCmdResp1
                0x000000000800c0f8      0x1dc ./Drivers/STM32F4xx_HAL_Driver/Src/stm32f4xx_ll_sdmmc.o
                0x000000000800c0f8                SDMMC_GetCmdResp1
 .text.SDMMC_GetCmdResp2
                0x000000000800c2d4       0x90 ./Drivers/STM32F4xx_HAL_Driver/Src/stm32f4xx_ll_sdmmc.o
                0x000000000800c2d4                SDMMC_GetCmdResp2
 .text.SDMMC_GetCmdResp3
                0x000000000800c364       0x7c ./Drivers/STM32F4xx_HAL_Driver/Src/stm32f4xx_ll_sdmmc.o
                0x000000000800c364                SDMMC_GetCmdResp3
 .text.SDMMC_GetCmdResp6
                0x000000000800c3e0       0xec ./Drivers/STM32F4xx_HAL_Driver/Src/stm32f4xx_ll_sdmmc.o
                0x000000000800c3e0                SDMMC_GetCmdResp6
 .text.SDMMC_GetCmdResp7
                0x000000000800c4cc       0x9c ./Drivers/STM32F4xx_HAL_Driver/Src/stm32f4xx_ll_sdmmc.o
                0x000000000800c4cc                SDMMC_GetCmdResp7
 .text.SDMMC_GetCmdError
                0x000000000800c568       0x58 ./Drivers/STM32F4xx_HAL_Driver/Src/stm32f4xx_ll_sdmmc.o
 .text.USB_CoreInit
                0x000000000800c5c0       0xc2 ./Drivers/STM32F4xx_HAL_Driver/Src/stm32f4xx_ll_usb.o
                0x000000000800c5c0                USB_CoreInit
 *fill*         0x000000000800c682        0x2 
 .text.USB_SetTurnaroundTime
                0x000000000800c684      0x144 ./Drivers/STM32F4xx_HAL_Driver/Src/stm32f4xx_ll_usb.o
                0x000000000800c684                USB_SetTurnaroundTime
 .text.USB_EnableGlobalInt
                0x000000000800c7c8       0x22 ./Drivers/STM32F4xx_HAL_Driver/Src/stm32f4xx_ll_usb.o
                0x000000000800c7c8                USB_EnableGlobalInt
 .text.USB_DisableGlobalInt
                0x000000000800c7ea       0x22 ./Drivers/STM32F4xx_HAL_Driver/Src/stm32f4xx_ll_usb.o
                0x000000000800c7ea                USB_DisableGlobalInt
 .text.USB_SetCurrentMode
                0x000000000800c80c       0x98 ./Drivers/STM32F4xx_HAL_Driver/Src/stm32f4xx_ll_usb.o
                0x000000000800c80c                USB_SetCurrentMode
 .text.USB_DevInit
                0x000000000800c8a4      0x2c8 ./Drivers/STM32F4xx_HAL_Driver/Src/stm32f4xx_ll_usb.o
                0x000000000800c8a4                USB_DevInit
 .text.USB_FlushTxFifo
                0x000000000800cb6c       0x68 ./Drivers/STM32F4xx_HAL_Driver/Src/stm32f4xx_ll_usb.o
                0x000000000800cb6c                USB_FlushTxFifo
 .text.USB_FlushRxFifo
                0x000000000800cbd4       0x60 ./Drivers/STM32F4xx_HAL_Driver/Src/stm32f4xx_ll_usb.o
                0x000000000800cbd4                USB_FlushRxFifo
 .text.USB_SetDevSpeed
                0x000000000800cc34       0x32 ./Drivers/STM32F4xx_HAL_Driver/Src/stm32f4xx_ll_usb.o
                0x000000000800cc34                USB_SetDevSpeed
 .text.USB_GetDevSpeed
                0x000000000800cc66       0x4a ./Drivers/STM32F4xx_HAL_Driver/Src/stm32f4xx_ll_usb.o
                0x000000000800cc66                USB_GetDevSpeed
 .text.USB_ActivateEndpoint
                0x000000000800ccb0      0x10e ./Drivers/STM32F4xx_HAL_Driver/Src/stm32f4xx_ll_usb.o
                0x000000000800ccb0                USB_ActivateEndpoint
 *fill*         0x000000000800cdbe        0x2 
 .text.USB_DeactivateEndpoint
                0x000000000800cdc0      0x1b8 ./Drivers/STM32F4xx_HAL_Driver/Src/stm32f4xx_ll_usb.o
                0x000000000800cdc0                USB_DeactivateEndpoint
 .text.USB_EPStartXfer
                0x000000000800cf78      0x490 ./Drivers/STM32F4xx_HAL_Driver/Src/stm32f4xx_ll_usb.o
                0x000000000800cf78                USB_EPStartXfer
 .text.USB_EP0StartXfer
                0x000000000800d408      0x2b0 ./Drivers/STM32F4xx_HAL_Driver/Src/stm32f4xx_ll_usb.o
                0x000000000800d408                USB_EP0StartXfer
 .text.USB_EPStopXfer
                0x000000000800d6b8      0x154 ./Drivers/STM32F4xx_HAL_Driver/Src/stm32f4xx_ll_usb.o
                0x000000000800d6b8                USB_EPStopXfer
 .text.USB_WritePacket
                0x000000000800d80c       0x7c ./Drivers/STM32F4xx_HAL_Driver/Src/stm32f4xx_ll_usb.o
                0x000000000800d80c                USB_WritePacket
 .text.USB_ReadPacket
                0x000000000800d888       0xb0 ./Drivers/STM32F4xx_HAL_Driver/Src/stm32f4xx_ll_usb.o
                0x000000000800d888                USB_ReadPacket
 .text.USB_EPSetStall
                0x000000000800d938       0xdc ./Drivers/STM32F4xx_HAL_Driver/Src/stm32f4xx_ll_usb.o
                0x000000000800d938                USB_EPSetStall
 .text.USB_EPClearStall
                0x000000000800da14       0xcc ./Drivers/STM32F4xx_HAL_Driver/Src/stm32f4xx_ll_usb.o
                0x000000000800da14                USB_EPClearStall
 .text.USB_SetDevAddress
                0x000000000800dae0       0x4c ./Drivers/STM32F4xx_HAL_Driver/Src/stm32f4xx_ll_usb.o
                0x000000000800dae0                USB_SetDevAddress
 .text.USB_DevConnect
                0x000000000800db2c       0x42 ./Drivers/STM32F4xx_HAL_Driver/Src/stm32f4xx_ll_usb.o
                0x000000000800db2c                USB_DevConnect
 .text.USB_DevDisconnect
                0x000000000800db6e       0x42 ./Drivers/STM32F4xx_HAL_Driver/Src/stm32f4xx_ll_usb.o
                0x000000000800db6e                USB_DevDisconnect
 .text.USB_ReadInterrupts
                0x000000000800dbb0       0x26 ./Drivers/STM32F4xx_HAL_Driver/Src/stm32f4xx_ll_usb.o
                0x000000000800dbb0                USB_ReadInterrupts
 .text.USB_ReadDevAllOutEpInterrupt
                0x000000000800dbd6       0x34 ./Drivers/STM32F4xx_HAL_Driver/Src/stm32f4xx_ll_usb.o
                0x000000000800dbd6                USB_ReadDevAllOutEpInterrupt
 .text.USB_ReadDevAllInEpInterrupt
                0x000000000800dc0a       0x34 ./Drivers/STM32F4xx_HAL_Driver/Src/stm32f4xx_ll_usb.o
                0x000000000800dc0a                USB_ReadDevAllInEpInterrupt
 .text.USB_ReadDevOutEPInterrupt
                0x000000000800dc3e       0x3c ./Drivers/STM32F4xx_HAL_Driver/Src/stm32f4xx_ll_usb.o
                0x000000000800dc3e                USB_ReadDevOutEPInterrupt
 .text.USB_ReadDevInEPInterrupt
                0x000000000800dc7a       0x5c ./Drivers/STM32F4xx_HAL_Driver/Src/stm32f4xx_ll_usb.o
                0x000000000800dc7a                USB_ReadDevInEPInterrupt
 .text.USB_GetMode
                0x000000000800dcd6       0x1c ./Drivers/STM32F4xx_HAL_Driver/Src/stm32f4xx_ll_usb.o
                0x000000000800dcd6                USB_GetMode
 .text.USB_ActivateSetup
                0x000000000800dcf2       0x46 ./Drivers/STM32F4xx_HAL_Driver/Src/stm32f4xx_ll_usb.o
                0x000000000800dcf2                USB_ActivateSetup
 .text.USB_EP0_OutStart
                0x000000000800dd38       0xbc ./Drivers/STM32F4xx_HAL_Driver/Src/stm32f4xx_ll_usb.o
                0x000000000800dd38                USB_EP0_OutStart
 .text.USB_CoreReset
                0x000000000800ddf4       0x68 ./Drivers/STM32F4xx_HAL_Driver/Src/stm32f4xx_ll_usb.o
 .text.MX_FATFS_Init
                0x000000000800de5c       0x24 ./FATFS/App/fatfs.o
                0x000000000800de5c                MX_FATFS_Init
 .text.get_fattime
                0x000000000800de80       0x10 ./FATFS/App/fatfs.o
                0x000000000800de80                get_fattime
 .text.BSP_SD_Init
                0x000000000800de90       0x4c ./FATFS/Target/bsp_driver_sd.o
                0x000000000800de90                BSP_SD_Init
 .text.BSP_SD_ReadBlocks
                0x000000000800dedc       0x3c ./FATFS/Target/bsp_driver_sd.o
                0x000000000800dedc                BSP_SD_ReadBlocks
 .text.BSP_SD_WriteBlocks
                0x000000000800df18       0x3c ./FATFS/Target/bsp_driver_sd.o
                0x000000000800df18                BSP_SD_WriteBlocks
 .text.BSP_SD_GetCardState
                0x000000000800df54       0x20 ./FATFS/Target/bsp_driver_sd.o
                0x000000000800df54                BSP_SD_GetCardState
 .text.BSP_SD_GetCardInfo
                0x000000000800df74       0x1c ./FATFS/Target/bsp_driver_sd.o
                0x000000000800df74                BSP_SD_GetCardInfo
 .text.HAL_SD_AbortCallback
                0x000000000800df90       0x14 ./FATFS/Target/bsp_driver_sd.o
                0x000000000800df90                HAL_SD_AbortCallback
 .text.HAL_SD_TxCpltCallback
                0x000000000800dfa4       0x14 ./FATFS/Target/bsp_driver_sd.o
                0x000000000800dfa4                HAL_SD_TxCpltCallback
 .text.HAL_SD_RxCpltCallback
                0x000000000800dfb8       0x14 ./FATFS/Target/bsp_driver_sd.o
                0x000000000800dfb8                HAL_SD_RxCpltCallback
 .text.BSP_SD_AbortCallback
                0x000000000800dfcc        0xe ./FATFS/Target/bsp_driver_sd.o
                0x000000000800dfcc                BSP_SD_AbortCallback
 .text.BSP_SD_WriteCpltCallback
                0x000000000800dfda        0xe ./FATFS/Target/bsp_driver_sd.o
                0x000000000800dfda                BSP_SD_WriteCpltCallback
 .text.BSP_SD_ReadCpltCallback
                0x000000000800dfe8        0xe ./FATFS/Target/bsp_driver_sd.o
                0x000000000800dfe8                BSP_SD_ReadCpltCallback
 .text.BSP_SD_IsDetected
                0x000000000800dff6       0x1a ./FATFS/Target/bsp_driver_sd.o
                0x000000000800dff6                BSP_SD_IsDetected
 .text.SD_CheckStatus
                0x000000000800e010       0x3c ./FATFS/Target/sd_diskio.o
 .text.SD_initialize
                0x000000000800e04c       0x3c ./FATFS/Target/sd_diskio.o
                0x000000000800e04c                SD_initialize
 .text.SD_status
                0x000000000800e088       0x1c ./FATFS/Target/sd_diskio.o
                0x000000000800e088                SD_status
 .text.SD_read  0x000000000800e0a4       0x42 ./FATFS/Target/sd_diskio.o
                0x000000000800e0a4                SD_read
 .text.SD_write
                0x000000000800e0e6       0x42 ./FATFS/Target/sd_diskio.o
                0x000000000800e0e6                SD_write
 .text.SD_ioctl
                0x000000000800e128       0xb0 ./FATFS/Target/sd_diskio.o
                0x000000000800e128                SD_ioctl
 .text.USBD_CDC_Init
                0x000000000800e1d8      0x1f0 ./Middlewares/ST/STM32_USB_Device_Library/Class/CDC/Src/usbd_cdc.o
 .text.USBD_CDC_DeInit
                0x000000000800e3c8      0x104 ./Middlewares/ST/STM32_USB_Device_Library/Class/CDC/Src/usbd_cdc.o
 .text.USBD_CDC_Setup
                0x000000000800e4cc      0x1b8 ./Middlewares/ST/STM32_USB_Device_Library/Class/CDC/Src/usbd_cdc.o
 .text.USBD_CDC_DataIn
                0x000000000800e684       0xfe ./Middlewares/ST/STM32_USB_Device_Library/Class/CDC/Src/usbd_cdc.o
 .text.USBD_CDC_DataOut
                0x000000000800e782       0x70 ./Middlewares/ST/STM32_USB_Device_Library/Class/CDC/Src/usbd_cdc.o
 .text.USBD_CDC_EP0_RxReady
                0x000000000800e7f2       0x76 ./Middlewares/ST/STM32_USB_Device_Library/Class/CDC/Src/usbd_cdc.o
 .text.USBD_CDC_GetFSCfgDesc
                0x000000000800e868       0x70 ./Middlewares/ST/STM32_USB_Device_Library/Class/CDC/Src/usbd_cdc.o
 .text.USBD_CDC_GetHSCfgDesc
                0x000000000800e8d8       0x70 ./Middlewares/ST/STM32_USB_Device_Library/Class/CDC/Src/usbd_cdc.o
 .text.USBD_CDC_GetOtherSpeedCfgDesc
                0x000000000800e948       0x70 ./Middlewares/ST/STM32_USB_Device_Library/Class/CDC/Src/usbd_cdc.o
 .text.USBD_CDC_GetDeviceQualifierDescriptor
                0x000000000800e9b8       0x20 ./Middlewares/ST/STM32_USB_Device_Library/Class/CDC/Src/usbd_cdc.o
                0x000000000800e9b8                USBD_CDC_GetDeviceQualifierDescriptor
 .text.USBD_CDC_RegisterInterface
                0x000000000800e9d8       0x34 ./Middlewares/ST/STM32_USB_Device_Library/Class/CDC/Src/usbd_cdc.o
                0x000000000800e9d8                USBD_CDC_RegisterInterface
 .text.USBD_CDC_SetTxBuffer
                0x000000000800ea0c       0x44 ./Middlewares/ST/STM32_USB_Device_Library/Class/CDC/Src/usbd_cdc.o
                0x000000000800ea0c                USBD_CDC_SetTxBuffer
 .text.USBD_CDC_SetRxBuffer
                0x000000000800ea50       0x3a ./Middlewares/ST/STM32_USB_Device_Library/Class/CDC/Src/usbd_cdc.o
                0x000000000800ea50                USBD_CDC_SetRxBuffer
 *fill*         0x000000000800ea8a        0x2 
 .text.USBD_CDC_TransmitPacket
                0x000000000800ea8c       0x8c ./Middlewares/ST/STM32_USB_Device_Library/Class/CDC/Src/usbd_cdc.o
                0x000000000800ea8c                USBD_CDC_TransmitPacket
 .text.USBD_CDC_ReceivePacket
                0x000000000800eb18       0x6c ./Middlewares/ST/STM32_USB_Device_Library/Class/CDC/Src/usbd_cdc.o
                0x000000000800eb18                USBD_CDC_ReceivePacket
 .text.USBD_Init
                0x000000000800eb84       0x60 ./Middlewares/ST/STM32_USB_Device_Library/Core/Src/usbd_core.o
                0x000000000800eb84                USBD_Init
 .text.USBD_RegisterClass
                0x000000000800ebe4       0x6c ./Middlewares/ST/STM32_USB_Device_Library/Core/Src/usbd_core.o
                0x000000000800ebe4                USBD_RegisterClass
 .text.USBD_Start
                0x000000000800ec50       0x18 ./Middlewares/ST/STM32_USB_Device_Library/Core/Src/usbd_core.o
                0x000000000800ec50                USBD_Start
 .text.USBD_RunTestMode
                0x000000000800ec68       0x16 ./Middlewares/ST/STM32_USB_Device_Library/Core/Src/usbd_core.o
                0x000000000800ec68                USBD_RunTestMode
 .text.USBD_SetClassConfig
                0x000000000800ec7e       0x38 ./Middlewares/ST/STM32_USB_Device_Library/Core/Src/usbd_core.o
                0x000000000800ec7e                USBD_SetClassConfig
 .text.USBD_ClrClassConfig
                0x000000000800ecb6       0x34 ./Middlewares/ST/STM32_USB_Device_Library/Core/Src/usbd_core.o
                0x000000000800ecb6                USBD_ClrClassConfig
 .text.USBD_LL_SetupStage
                0x000000000800ecea       0xaa ./Middlewares/ST/STM32_USB_Device_Library/Core/Src/usbd_core.o
                0x000000000800ecea                USBD_LL_SetupStage
 .text.USBD_LL_DataOutStage
                0x000000000800ed94      0x166 ./Middlewares/ST/STM32_USB_Device_Library/Core/Src/usbd_core.o
                0x000000000800ed94                USBD_LL_DataOutStage
 .text.USBD_LL_DataInStage
                0x000000000800eefa      0x164 ./Middlewares/ST/STM32_USB_Device_Library/Core/Src/usbd_core.o
                0x000000000800eefa                USBD_LL_DataInStage
 .text.USBD_LL_Reset
                0x000000000800f05e       0xa4 ./Middlewares/ST/STM32_USB_Device_Library/Core/Src/usbd_core.o
                0x000000000800f05e                USBD_LL_Reset
 .text.USBD_LL_SetSpeed
                0x000000000800f102       0x20 ./Middlewares/ST/STM32_USB_Device_Library/Core/Src/usbd_core.o
                0x000000000800f102                USBD_LL_SetSpeed
 .text.USBD_LL_Suspend
                0x000000000800f122       0x2c ./Middlewares/ST/STM32_USB_Device_Library/Core/Src/usbd_core.o
                0x000000000800f122                USBD_LL_Suspend
 .text.USBD_LL_Resume
                0x000000000800f14e       0x30 ./Middlewares/ST/STM32_USB_Device_Library/Core/Src/usbd_core.o
                0x000000000800f14e                USBD_LL_Resume
 .text.USBD_LL_SOF
                0x000000000800f17e       0x40 ./Middlewares/ST/STM32_USB_Device_Library/Core/Src/usbd_core.o
                0x000000000800f17e                USBD_LL_SOF
 .text.USBD_LL_IsoINIncomplete
                0x000000000800f1be       0x64 ./Middlewares/ST/STM32_USB_Device_Library/Core/Src/usbd_core.o
                0x000000000800f1be                USBD_LL_IsoINIncomplete
 .text.USBD_LL_IsoOUTIncomplete
                0x000000000800f222       0x64 ./Middlewares/ST/STM32_USB_Device_Library/Core/Src/usbd_core.o
                0x000000000800f222                USBD_LL_IsoOUTIncomplete
 .text.USBD_LL_DevConnected
                0x000000000800f286       0x16 ./Middlewares/ST/STM32_USB_Device_Library/Core/Src/usbd_core.o
                0x000000000800f286                USBD_LL_DevConnected
 .text.USBD_LL_DevDisconnected
                0x000000000800f29c       0x46 ./Middlewares/ST/STM32_USB_Device_Library/Core/Src/usbd_core.o
                0x000000000800f29c                USBD_LL_DevDisconnected
 .text.USBD_CoreFindIF
                0x000000000800f2e2       0x1a ./Middlewares/ST/STM32_USB_Device_Library/Core/Src/usbd_core.o
                0x000000000800f2e2                USBD_CoreFindIF
 .text.USBD_CoreFindEP
                0x000000000800f2fc       0x1a ./Middlewares/ST/STM32_USB_Device_Library/Core/Src/usbd_core.o
                0x000000000800f2fc                USBD_CoreFindEP
 .text.USBD_GetEpDesc
                0x000000000800f316       0x74 ./Middlewares/ST/STM32_USB_Device_Library/Core/Src/usbd_core.o
                0x000000000800f316                USBD_GetEpDesc
 .text.USBD_GetNextDesc
                0x000000000800f38a       0x3a ./Middlewares/ST/STM32_USB_Device_Library/Core/Src/usbd_core.o
                0x000000000800f38a                USBD_GetNextDesc
 .text.SWAPBYTE
                0x000000000800f3c4       0x3c ./Middlewares/ST/STM32_USB_Device_Library/Core/Src/usbd_ctlreq.o
 .text.USBD_StdDevReq
                0x000000000800f400       0xe4 ./Middlewares/ST/STM32_USB_Device_Library/Core/Src/usbd_ctlreq.o
                0x000000000800f400                USBD_StdDevReq
 .text.USBD_StdItfReq
                0x000000000800f4e4       0xd8 ./Middlewares/ST/STM32_USB_Device_Library/Core/Src/usbd_ctlreq.o
                0x000000000800f4e4                USBD_StdItfReq
 .text.USBD_StdEPReq
                0x000000000800f5bc      0x33a ./Middlewares/ST/STM32_USB_Device_Library/Core/Src/usbd_ctlreq.o
                0x000000000800f5bc                USBD_StdEPReq
 *fill*         0x000000000800f8f6        0x2 
 .text.USBD_GetDescriptor
                0x000000000800f8f8      0x2d4 ./Middlewares/ST/STM32_USB_Device_Library/Core/Src/usbd_ctlreq.o
 .text.USBD_SetAddress
                0x000000000800fbcc       0x88 ./Middlewares/ST/STM32_USB_Device_Library/Core/Src/usbd_ctlreq.o
 .text.USBD_SetConfig
                0x000000000800fc54      0x154 ./Middlewares/ST/STM32_USB_Device_Library/Core/Src/usbd_ctlreq.o
 .text.USBD_GetConfig
                0x000000000800fda8       0x6c ./Middlewares/ST/STM32_USB_Device_Library/Core/Src/usbd_ctlreq.o
 .text.USBD_GetStatus
                0x000000000800fe14       0x68 ./Middlewares/ST/STM32_USB_Device_Library/Core/Src/usbd_ctlreq.o
 .text.USBD_SetFeature
                0x000000000800fe7c       0x52 ./Middlewares/ST/STM32_USB_Device_Library/Core/Src/usbd_ctlreq.o
 .text.USBD_ClrFeature
                0x000000000800fece       0x44 ./Middlewares/ST/STM32_USB_Device_Library/Core/Src/usbd_ctlreq.o
 .text.USBD_ParseSetupRequest
                0x000000000800ff12       0x74 ./Middlewares/ST/STM32_USB_Device_Library/Core/Src/usbd_ctlreq.o
                0x000000000800ff12                USBD_ParseSetupRequest
 .text.USBD_CtlError
                0x000000000800ff86       0x22 ./Middlewares/ST/STM32_USB_Device_Library/Core/Src/usbd_ctlreq.o
                0x000000000800ff86                USBD_CtlError
 .text.USBD_GetString
                0x000000000800ffa8       0x8c ./Middlewares/ST/STM32_USB_Device_Library/Core/Src/usbd_ctlreq.o
                0x000000000800ffa8                USBD_GetString
 .text.USBD_GetLen
                0x0000000008010034       0x34 ./Middlewares/ST/STM32_USB_Device_Library/Core/Src/usbd_ctlreq.o
 .text.USBD_CtlSendData
                0x0000000008010068       0x36 ./Middlewares/ST/STM32_USB_Device_Library/Core/Src/usbd_ioreq.o
                0x0000000008010068                USBD_CtlSendData
 .text.USBD_CtlContinueSendData
                0x000000000801009e       0x22 ./Middlewares/ST/STM32_USB_Device_Library/Core/Src/usbd_ioreq.o
                0x000000000801009e                USBD_CtlContinueSendData
 .text.USBD_CtlPrepareRx
                0x00000000080100c0       0x3a ./Middlewares/ST/STM32_USB_Device_Library/Core/Src/usbd_ioreq.o
                0x00000000080100c0                USBD_CtlPrepareRx
 .text.USBD_CtlContinueRx
                0x00000000080100fa       0x22 ./Middlewares/ST/STM32_USB_Device_Library/Core/Src/usbd_ioreq.o
                0x00000000080100fa                USBD_CtlContinueRx
 .text.USBD_CtlSendStatus
                0x000000000801011c       0x26 ./Middlewares/ST/STM32_USB_Device_Library/Core/Src/usbd_ioreq.o
                0x000000000801011c                USBD_CtlSendStatus
 .text.USBD_CtlReceiveStatus
                0x0000000008010142       0x26 ./Middlewares/ST/STM32_USB_Device_Library/Core/Src/usbd_ioreq.o
                0x0000000008010142                USBD_CtlReceiveStatus
 .text.disk_status
                0x0000000008010168       0x34 ./Middlewares/Third_Party/FatFs/src/diskio.o
                0x0000000008010168                disk_status
 .text.disk_initialize
                0x000000000801019c       0x4c ./Middlewares/Third_Party/FatFs/src/diskio.o
                0x000000000801019c                disk_initialize
 .text.disk_read
                0x00000000080101e8       0x40 ./Middlewares/Third_Party/FatFs/src/diskio.o
                0x00000000080101e8                disk_read
 .text.disk_write
                0x0000000008010228       0x40 ./Middlewares/Third_Party/FatFs/src/diskio.o
                0x0000000008010228                disk_write
 .text.disk_ioctl
                0x0000000008010268       0x3c ./Middlewares/Third_Party/FatFs/src/diskio.o
                0x0000000008010268                disk_ioctl
 .text.ld_word  0x00000000080102a4       0x30 ./Middlewares/Third_Party/FatFs/src/ff.o
 .text.ld_dword
                0x00000000080102d4       0x46 ./Middlewares/Third_Party/FatFs/src/ff.o
 .text.st_word  0x000000000801031a       0x36 ./Middlewares/Third_Party/FatFs/src/ff.o
 .text.st_dword
                0x0000000008010350       0x58 ./Middlewares/Third_Party/FatFs/src/ff.o
 .text.mem_cpy  0x00000000080103a8       0x42 ./Middlewares/Third_Party/FatFs/src/ff.o
 .text.mem_set  0x00000000080103ea       0x36 ./Middlewares/Third_Party/FatFs/src/ff.o
 .text.mem_cmp  0x0000000008010420       0x4e ./Middlewares/Third_Party/FatFs/src/ff.o
 .text.chk_chr  0x000000000801046e       0x36 ./Middlewares/Third_Party/FatFs/src/ff.o
 .text.chk_lock
                0x00000000080104a4       0xb8 ./Middlewares/Third_Party/FatFs/src/ff.o
 .text.enq_lock
                0x000000000801055c       0x44 ./Middlewares/Third_Party/FatFs/src/ff.o
 .text.inc_lock
                0x00000000080105a0      0x11c ./Middlewares/Third_Party/FatFs/src/ff.o
 .text.dec_lock
                0x00000000080106bc       0x78 ./Middlewares/Third_Party/FatFs/src/ff.o
 .text.clear_lock
                0x0000000008010734       0x48 ./Middlewares/Third_Party/FatFs/src/ff.o
 .text.sync_window
                0x000000000801077c       0x88 ./Middlewares/Third_Party/FatFs/src/ff.o
 .text.move_window
                0x0000000008010804       0x5a ./Middlewares/Third_Party/FatFs/src/ff.o
 *fill*         0x000000000801085e        0x2 
 .text.sync_fs  0x0000000008010860       0xdc ./Middlewares/Third_Party/FatFs/src/ff.o
 .text.clust2sect
                0x000000000801093c       0x3e ./Middlewares/Third_Party/FatFs/src/ff.o
 .text.get_fat  0x000000000801097a      0x150 ./Middlewares/Third_Party/FatFs/src/ff.o
 .text.put_fat  0x0000000008010aca      0x1d8 ./Middlewares/Third_Party/FatFs/src/ff.o
 .text.remove_chain
                0x0000000008010ca2      0x128 ./Middlewares/Third_Party/FatFs/src/ff.o
 .text.create_chain
                0x0000000008010dca      0x130 ./Middlewares/Third_Party/FatFs/src/ff.o
 .text.clmt_clust
                0x0000000008010efa       0x68 ./Middlewares/Third_Party/FatFs/src/ff.o
 .text.dir_sdi  0x0000000008010f62       0xf6 ./Middlewares/Third_Party/FatFs/src/ff.o
 .text.dir_next
                0x0000000008011058      0x18a ./Middlewares/Third_Party/FatFs/src/ff.o
 .text.dir_alloc
                0x00000000080111e2       0x8e ./Middlewares/Third_Party/FatFs/src/ff.o
 .text.ld_clust
                0x0000000008011270       0x3e ./Middlewares/Third_Party/FatFs/src/ff.o
 .text.st_clust
                0x00000000080112ae       0x40 ./Middlewares/Third_Party/FatFs/src/ff.o
 *fill*         0x00000000080112ee        0x2 
 .text.cmp_lfn  0x00000000080112f0       0xe0 ./Middlewares/Third_Party/FatFs/src/ff.o
 .text.pick_lfn
                0x00000000080113d0       0xc8 ./Middlewares/Third_Party/FatFs/src/ff.o
 .text.put_lfn  0x0000000008011498       0xd0 ./Middlewares/Third_Party/FatFs/src/ff.o
 .text.gen_numname
                0x0000000008011568      0x11c ./Middlewares/Third_Party/FatFs/src/ff.o
 .text.sum_sfn  0x0000000008011684       0x42 ./Middlewares/Third_Party/FatFs/src/ff.o
 .text.dir_read
                0x00000000080116c6      0x14e ./Middlewares/Third_Party/FatFs/src/ff.o
 .text.dir_find
                0x0000000008011814      0x180 ./Middlewares/Third_Party/FatFs/src/ff.o
 .text.dir_register
                0x0000000008011994      0x1f0 ./Middlewares/Third_Party/FatFs/src/ff.o
 .text.dir_remove
                0x0000000008011b84       0x94 ./Middlewares/Third_Party/FatFs/src/ff.o
 .text.get_fileinfo
                0x0000000008011c18      0x1ba ./Middlewares/Third_Party/FatFs/src/ff.o
 *fill*         0x0000000008011dd2        0x2 
 .text.create_name
                0x0000000008011dd4      0x370 ./Middlewares/Third_Party/FatFs/src/ff.o
 .text.follow_path
                0x0000000008012144       0xe2 ./Middlewares/Third_Party/FatFs/src/ff.o
 .text.get_ldnumber
                0x0000000008012226       0x88 ./Middlewares/Third_Party/FatFs/src/ff.o
 *fill*         0x00000000080122ae        0x2 
 .text.check_fs
                0x00000000080122b0       0xac ./Middlewares/Third_Party/FatFs/src/ff.o
 .text.find_volume
                0x000000000801235c      0x4a0 ./Middlewares/Third_Party/FatFs/src/ff.o
 .text.validate
                0x00000000080127fc       0x6a ./Middlewares/Third_Party/FatFs/src/ff.o
 *fill*         0x0000000008012866        0x2 
 .text.f_mount  0x0000000008012868       0x8c ./Middlewares/Third_Party/FatFs/src/ff.o
                0x0000000008012868                f_mount
 .text.f_open   0x00000000080128f4      0x37c ./Middlewares/Third_Party/FatFs/src/ff.o
                0x00000000080128f4                f_open
 .text.f_read   0x0000000008012c70      0x27e ./Middlewares/Third_Party/FatFs/src/ff.o
                0x0000000008012c70                f_read
 .text.f_sync   0x0000000008012eee       0xfc ./Middlewares/Third_Party/FatFs/src/ff.o
                0x0000000008012eee                f_sync
 .text.f_close  0x0000000008012fea       0x54 ./Middlewares/Third_Party/FatFs/src/ff.o
                0x0000000008012fea                f_close
 .text.f_opendir
                0x000000000801303e       0xe6 ./Middlewares/Third_Party/FatFs/src/ff.o
                0x000000000801303e                f_opendir
 .text.f_closedir
                0x0000000008013124       0x4c ./Middlewares/Third_Party/FatFs/src/ff.o
                0x0000000008013124                f_closedir
 .text.f_readdir
                0x0000000008013170       0x7a ./Middlewares/Third_Party/FatFs/src/ff.o
                0x0000000008013170                f_readdir
 .text.f_getfree
                0x00000000080131ea      0x16a ./Middlewares/Third_Party/FatFs/src/ff.o
                0x00000000080131ea                f_getfree
 .text.f_unlink
                0x0000000008013354      0x156 ./Middlewares/Third_Party/FatFs/src/ff.o
                0x0000000008013354                f_unlink
 .text.f_mkdir  0x00000000080134aa      0x20e ./Middlewares/Third_Party/FatFs/src/ff.o
                0x00000000080134aa                f_mkdir
 .text.f_mkfs   0x00000000080136b8      0x89c ./Middlewares/Third_Party/FatFs/src/ff.o
                0x00000000080136b8                f_mkfs
 .text.f_gets   0x0000000008013f54       0x7a ./Middlewares/Third_Party/FatFs/src/ff.o
                0x0000000008013f54                f_gets
 *fill*         0x0000000008013fce        0x2 
 .text.FATFS_LinkDriverEx
                0x0000000008013fd0       0x98 ./Middlewares/Third_Party/FatFs/src/ff_gen_drv.o
                0x0000000008013fd0                FATFS_LinkDriverEx
 .text.FATFS_LinkDriver
                0x0000000008014068       0x1e ./Middlewares/Third_Party/FatFs/src/ff_gen_drv.o
                0x0000000008014068                FATFS_LinkDriver
 *fill*         0x0000000008014086        0x2 
 .text.ff_convert
                0x0000000008014088       0x78 ./Middlewares/Third_Party/FatFs/src/option/ccsbcs.o
                0x0000000008014088                ff_convert
 .text.ff_wtoupper
                0x0000000008014100      0x114 ./Middlewares/Third_Party/FatFs/src/option/ccsbcs.o
                0x0000000008014100                ff_wtoupper
 .text.MX_USB_DEVICE_Init
                0x0000000008014214       0x60 ./USB_DEVICE/App/usb_device.o
                0x0000000008014214                MX_USB_DEVICE_Init
 .text.CDC_Init_FS
                0x0000000008014274       0x28 ./USB_DEVICE/App/usbd_cdc_if.o
 .text.CDC_DeInit_FS
                0x000000000801429c       0x10 ./USB_DEVICE/App/usbd_cdc_if.o
 .text.CDC_Control_FS
                0x00000000080142ac       0xbc ./USB_DEVICE/App/usbd_cdc_if.o
 .text.CDC_Receive_FS
                0x0000000008014368       0x28 ./USB_DEVICE/App/usbd_cdc_if.o
 .text.CDC_Transmit_FS
                0x0000000008014390       0x4c ./USB_DEVICE/App/usbd_cdc_if.o
                0x0000000008014390                CDC_Transmit_FS
 .text.CDC_TransmitCplt_FS
                0x00000000080143dc       0x22 ./USB_DEVICE/App/usbd_cdc_if.o
 .text.CDC_Recv
                0x00000000080143fe       0x2c ./USB_DEVICE/App/usbd_cdc_if.o
                0x00000000080143fe                CDC_Recv
 *fill*         0x000000000801442a        0x2 
 .text.USBD_FS_DeviceDescriptor
                0x000000000801442c       0x24 ./USB_DEVICE/App/usbd_desc.o
                0x000000000801442c                USBD_FS_DeviceDescriptor
 .text.USBD_FS_LangIDStrDescriptor
                0x0000000008014450       0x24 ./USB_DEVICE/App/usbd_desc.o
                0x0000000008014450                USBD_FS_LangIDStrDescriptor
 .text.USBD_FS_ProductStrDescriptor
                0x0000000008014474       0x3c ./USB_DEVICE/App/usbd_desc.o
                0x0000000008014474                USBD_FS_ProductStrDescriptor
 .text.USBD_FS_ManufacturerStrDescriptor
                0x00000000080144b0       0x28 ./USB_DEVICE/App/usbd_desc.o
                0x00000000080144b0                USBD_FS_ManufacturerStrDescriptor
 .text.USBD_FS_SerialStrDescriptor
                0x00000000080144d8       0x24 ./USB_DEVICE/App/usbd_desc.o
                0x00000000080144d8                USBD_FS_SerialStrDescriptor
 .text.USBD_FS_ConfigStrDescriptor
                0x00000000080144fc       0x3c ./USB_DEVICE/App/usbd_desc.o
                0x00000000080144fc                USBD_FS_ConfigStrDescriptor
 .text.USBD_FS_InterfaceStrDescriptor
                0x0000000008014538       0x3c ./USB_DEVICE/App/usbd_desc.o
                0x0000000008014538                USBD_FS_InterfaceStrDescriptor
 .text.Get_SerialNum
                0x0000000008014574       0x58 ./USB_DEVICE/App/usbd_desc.o
 .text.IntToUnicode
                0x00000000080145cc       0x7e ./USB_DEVICE/App/usbd_desc.o
 *fill*         0x000000000801464a        0x2 
 .text.HAL_PCD_MspInit
                0x000000000801464c       0xa8 ./USB_DEVICE/Target/usbd_conf.o
                0x000000000801464c                HAL_PCD_MspInit
 .text.HAL_PCD_SetupStageCallback
                0x00000000080146f4       0x24 ./USB_DEVICE/Target/usbd_conf.o
                0x00000000080146f4                HAL_PCD_SetupStageCallback
 .text.HAL_PCD_DataOutStageCallback
                0x0000000008014718       0x36 ./USB_DEVICE/Target/usbd_conf.o
                0x0000000008014718                HAL_PCD_DataOutStageCallback
 .text.HAL_PCD_DataInStageCallback
                0x000000000801474e       0x34 ./USB_DEVICE/Target/usbd_conf.o
                0x000000000801474e                HAL_PCD_DataInStageCallback
 .text.HAL_PCD_SOFCallback
                0x0000000008014782       0x1c ./USB_DEVICE/Target/usbd_conf.o
                0x0000000008014782                HAL_PCD_SOFCallback
 .text.HAL_PCD_ResetCallback
                0x000000000801479e       0x50 ./USB_DEVICE/Target/usbd_conf.o
                0x000000000801479e                HAL_PCD_ResetCallback
 *fill*         0x00000000080147ee        0x2 
 .text.HAL_PCD_SuspendCallback
                0x00000000080147f0       0x4c ./USB_DEVICE/Target/usbd_conf.o
                0x00000000080147f0                HAL_PCD_SuspendCallback
 .text.HAL_PCD_ResumeCallback
                0x000000000801483c       0x1c ./USB_DEVICE/Target/usbd_conf.o
                0x000000000801483c                HAL_PCD_ResumeCallback
 .text.HAL_PCD_ISOOUTIncompleteCallback
                0x0000000008014858       0x24 ./USB_DEVICE/Target/usbd_conf.o
                0x0000000008014858                HAL_PCD_ISOOUTIncompleteCallback
 .text.HAL_PCD_ISOINIncompleteCallback
                0x000000000801487c       0x24 ./USB_DEVICE/Target/usbd_conf.o
                0x000000000801487c                HAL_PCD_ISOINIncompleteCallback
 .text.HAL_PCD_ConnectCallback
                0x00000000080148a0       0x1c ./USB_DEVICE/Target/usbd_conf.o
                0x00000000080148a0                HAL_PCD_ConnectCallback
 .text.HAL_PCD_DisconnectCallback
                0x00000000080148bc       0x1c ./USB_DEVICE/Target/usbd_conf.o
                0x00000000080148bc                HAL_PCD_DisconnectCallback
 .text.USBD_LL_Init
                0x00000000080148d8       0x98 ./USB_DEVICE/Target/usbd_conf.o
                0x00000000080148d8                USBD_LL_Init
 .text.USBD_LL_Start
                0x0000000008014970       0x36 ./USB_DEVICE/Target/usbd_conf.o
                0x0000000008014970                USBD_LL_Start
 .text.USBD_LL_OpenEP
                0x00000000080149a6       0x4c ./USB_DEVICE/Target/usbd_conf.o
                0x00000000080149a6                USBD_LL_OpenEP
 .text.USBD_LL_CloseEP
                0x00000000080149f2       0x3e ./USB_DEVICE/Target/usbd_conf.o
                0x00000000080149f2                USBD_LL_CloseEP
 .text.USBD_LL_StallEP
                0x0000000008014a30       0x3e ./USB_DEVICE/Target/usbd_conf.o
                0x0000000008014a30                USBD_LL_StallEP
 .text.USBD_LL_ClearStallEP
                0x0000000008014a6e       0x3e ./USB_DEVICE/Target/usbd_conf.o
                0x0000000008014a6e                USBD_LL_ClearStallEP
 .text.USBD_LL_IsStallEP
                0x0000000008014aac       0x58 ./USB_DEVICE/Target/usbd_conf.o
                0x0000000008014aac                USBD_LL_IsStallEP
 .text.USBD_LL_SetUSBAddress
                0x0000000008014b04       0x3e ./USB_DEVICE/Target/usbd_conf.o
                0x0000000008014b04                USBD_LL_SetUSBAddress
 .text.USBD_LL_Transmit
                0x0000000008014b42       0x42 ./USB_DEVICE/Target/usbd_conf.o
                0x0000000008014b42                USBD_LL_Transmit
 .text.USBD_LL_PrepareReceive
                0x0000000008014b84       0x42 ./USB_DEVICE/Target/usbd_conf.o
                0x0000000008014b84                USBD_LL_PrepareReceive
 .text.USBD_LL_GetRxDataSize
                0x0000000008014bc6       0x26 ./USB_DEVICE/Target/usbd_conf.o
                0x0000000008014bc6                USBD_LL_GetRxDataSize
 .text.USBD_static_malloc
                0x0000000008014bec       0x1c ./USB_DEVICE/Target/usbd_conf.o
                0x0000000008014bec                USBD_static_malloc
 .text.USBD_static_free
                0x0000000008014c08       0x14 ./USB_DEVICE/Target/usbd_conf.o
                0x0000000008014c08                USBD_static_free
 .text.USBD_Get_USB_Status
                0x0000000008014c1c       0x58 ./USB_DEVICE/Target/usbd_conf.o
                0x0000000008014c1c                USBD_Get_USB_Status
 .text.atol     0x0000000008014c74        0x8 /home/alarm/st/stm32cubeide_1.8.0/plugins/com.st.stm32cube.ide.mcu.externaltools.gnu-tools-for-stm32.10.3-2021.10.linux64_1.0.100.202210260954/tools/bin/../lib/gcc/arm-none-eabi/10.3.1/../../../../arm-none-eabi/lib/thumb/v7e-m+fp/hard/libc_nano.a(lib_a-atol.o)
                0x0000000008014c74                atol
 .text.calloc   0x0000000008014c7c       0x10 /home/alarm/st/stm32cubeide_1.8.0/plugins/com.st.stm32cube.ide.mcu.externaltools.gnu-tools-for-stm32.10.3-2021.10.linux64_1.0.100.202210260954/tools/bin/../lib/gcc/arm-none-eabi/10.3.1/../../../../arm-none-eabi/lib/thumb/v7e-m+fp/hard/libc_nano.a(lib_a-calloc.o)
                0x0000000008014c7c                calloc
 .text.__errno  0x0000000008014c8c        0xc /home/alarm/st/stm32cubeide_1.8.0/plugins/com.st.stm32cube.ide.mcu.externaltools.gnu-tools-for-stm32.10.3-2021.10.linux64_1.0.100.202210260954/tools/bin/../lib/gcc/arm-none-eabi/10.3.1/../../../../arm-none-eabi/lib/thumb/v7e-m+fp/hard/libc_nano.a(lib_a-errno.o)
                0x0000000008014c8c                __errno
 .text.gmtime_r
                0x0000000008014c98      0x158 /home/alarm/st/stm32cubeide_1.8.0/plugins/com.st.stm32cube.ide.mcu.externaltools.gnu-tools-for-stm32.10.3-2021.10.linux64_1.0.100.202210260954/tools/bin/../lib/gcc/arm-none-eabi/10.3.1/../../../../arm-none-eabi/lib/thumb/v7e-m+fp/hard/libc_nano.a(lib_a-gmtime_r.o)
                0x0000000008014c98                gmtime_r
 .text.__libc_init_array